 addon

 Timestamp is 56e14c67 (Thu Mar 10 18:28:55 2016)

 Preferred load address is 0000000180000000

 Start         Length     Name                   Class
 0001:00000000 00000078H .text$di                CODE
 0001:00000080 00019463H .text$mn                CODE
 0001:000194f0 000004e9H .text$x                 CODE
 0001:000199e0 000000d0H .text$yd                CODE
 0002:00000000 00000248H .idata$5                DATA
 0002:00000248 00000008H .CRT$XCA                DATA
 0002:00000250 00000018H .CRT$XCC                DATA
 0002:00000268 00000010H .CRT$XCL                DATA
 0002:00000278 00000018H .CRT$XCU                DATA
 0002:00000290 00000008H .CRT$XCZ                DATA
 0002:00000298 00000008H .CRT$XIA                DATA
 0002:000002a0 00000020H .CRT$XIC                DATA
 0002:000002c0 00000008H .CRT$XIZ                DATA
 0002:000002c8 00000008H .CRT$XPA                DATA
 0002:000002d0 00000010H .CRT$XPX                DATA
 0002:000002e0 00000008H .CRT$XPXA               DATA
 0002:000002e8 00000008H .CRT$XPZ                DATA
 0002:000002f0 00000008H .CRT$XTA                DATA
 0002:000002f8 00000008H .CRT$XTZ                DATA
 0002:00000300 000087b0H .rdata                  DATA
 0002:00008ab0 00000074H .rdata$debug            DATA
 0002:00008b28 00000754H .rdata$r                DATA
 0002:00009280 00000008H .rtc$IAA                DATA
 0002:00009288 00000008H .rtc$IZZ                DATA
 0002:00009290 00000008H .rtc$TAA                DATA
 0002:00009298 00000008H .rtc$TZZ                DATA
 0002:000092a0 0000154cH .xdata                  DATA
 0002:0000a7f0 000001dcH .xdata$x                DATA
 0002:0000a9cc 00000020H .didat$2                DATA
 0002:0000a9ec 00000020H .didat$3                DATA
 0002:0000aa10 00000058H .didat$4                DATA
 0002:0000aa68 00000274H .didat$6                DATA
 0002:0000ace0 00000058H .didat$7                DATA
 0002:0000ad40 0000004eH .edata                  DATA
 0002:0000ad90 00000014H .idata$2                DATA
 0002:0000ada4 00000014H .idata$3                DATA
 0002:0000adb8 00000248H .idata$4                DATA
 0002:0000b000 0000054eH .idata$6                DATA
 0003:00000000 00001b28H .data                   DATA
 0003:00001b30 00000290H .data$r                 DATA
 0003:00001dc0 00000058H .didat$5                DATA
 0003:00001e20 000028d0H .bss                    DATA
 0004:00000000 00001650H .pdata                  DATA
 0005:00000000 00000058H .rsrc$01                DATA
 0005:00000060 00000180H .rsrc$02                DATA

  Address         Publics by Value              Rva+Base               Lib:Object

 0000:00000000       ___safe_se_handler_table   0000000000000000     <absolute>
 0000:00000000       ___safe_se_handler_count   0000000000000000     <absolute>
 0000:00000000       __guard_fids_count         0000000000000000     <absolute>
 0000:00000000       __guard_fids_table         0000000000000000     <absolute>
 0000:00000000       __guard_flags              0000000000000000     <absolute>
 0000:00000000       __ImageBase                0000000180000000     <linker-defined>
 0001:00000080       ?what@exception@stdext@@UEBAPEBDXZ 0000000180001080 f i hanaRouting.obj
 0001:000000a0       ?_Unlock@?$basic_streambuf@DU?$char_traits@D@std@@@std@@UEAAXXZ 00000001800010a0 f i hanaRouting.obj
 0001:000000a0       ?imbue@?$basic_streambuf@DU?$char_traits@D@std@@@std@@MEAAXAEBVlocale@2@@Z 00000001800010a0 f i hanaRouting.obj
 0001:000000a0       ?_Lock@?$basic_streambuf@DU?$char_traits@D@std@@@std@@UEAAXXZ 00000001800010a0 f i hanaRouting.obj
 0001:000000a0       ?_Doraise@exception@stdext@@MEBAXXZ 00000001800010a0 f i hanaRouting.obj
 0001:000000b0       ??_G_System_error@std@@UEAAPEAXI@Z 00000001800010b0 f i hanaRouting.obj
 0001:000000b0       ??_Eexception@stdext@@UEAAPEAXI@Z 00000001800010b0 f i * CIL library *:* CIL module *
 0001:000000b0       ??_Gruntime_error@std@@UEAAPEAXI@Z 00000001800010b0 f i hanaRouting.obj
 0001:000000b0       ??_Efailure@ios_base@std@@UEAAPEAXI@Z 00000001800010b0 f i * CIL library *:* CIL module *
 0001:000000b0       ??_Eruntime_error@std@@UEAAPEAXI@Z 00000001800010b0 f i * CIL library *:* CIL module *
 0001:000000b0       ??_Gexception@stdext@@UEAAPEAXI@Z 00000001800010b0 f i hanaRouting.obj
 0001:000000b0       ??_Gfailure@ios_base@std@@UEAAPEAXI@Z 00000001800010b0 f i hanaRouting.obj
 0001:000000b0       ??_E_System_error@std@@UEAAPEAXI@Z 00000001800010b0 f i * CIL library *:* CIL module *
 0001:000000e0       ?_Doraise@runtime_error@std@@MEBAXXZ 00000001800010e0 f i hanaRouting.obj
 0001:000000e0       ?_Doraise@failure@ios_base@std@@MEBAXXZ 00000001800010e0 f i hanaRouting.obj
 0001:00000100       ??0_Locinfo@std@@QEAA@PEBD@Z 0000000180001100 f i hanaRouting.obj
 0001:000001c0       ??1_Locinfo@std@@QEAA@XZ   00000001800011c0 f i hanaRouting.obj
 0001:00000260       ??_G_Facet_base@std@@UEAAPEAXI@Z 0000000180001260 f i hanaRouting.obj
 0001:00000260       ??_E?$num_put@DV?$ostreambuf_iterator@DU?$char_traits@D@std@@@std@@@std@@MEAAPEAXI@Z 0000000180001260 f i * CIL library *:* CIL module *
 0001:00000260       ??_G?$num_put@DV?$ostreambuf_iterator@DU?$char_traits@D@std@@@std@@@std@@MEAAPEAXI@Z 0000000180001260 f i hanaRouting.obj
 0001:00000260       ??_E_Facet_base@std@@UEAAPEAXI@Z 0000000180001260 f i * CIL library *:* CIL module *
 0001:00000290       ?_Incref@facet@locale@std@@UEAAXXZ 0000000180001290 f i hanaRouting.obj
 0001:000002a0       ?_Decref@facet@locale@std@@UEAAPEAV_Facet_base@3@XZ 00000001800012a0 f i hanaRouting.obj
 0001:000002b0       ?_Getcat@?$ctype@D@std@@SA_KPEAPEBVfacet@locale@2@PEBV42@@Z 00000001800012b0 f i hanaRouting.obj
 0001:00000390       ?do_tolower@?$ctype@D@std@@MEBADD@Z 0000000180001390 f i hanaRouting.obj
 0001:000003a0       ?do_tolower@?$ctype@D@std@@MEBAPEBDPEADPEBD@Z 00000001800013a0 f i hanaRouting.obj
 0001:00000410       ?do_toupper@?$ctype@D@std@@MEBADD@Z 0000000180001410 f i hanaRouting.obj
 0001:00000420       ?do_toupper@?$ctype@D@std@@MEBAPEBDPEADPEBD@Z 0000000180001420 f i hanaRouting.obj
 0001:00000490       ?do_narrow@?$ctype@D@std@@MEBADDD@Z 0000000180001490 f i hanaRouting.obj
 0001:00000490       ?do_widen@?$ctype@D@std@@MEBADD@Z 0000000180001490 f i hanaRouting.obj
 0001:000004a0       ?do_widen@?$ctype@D@std@@MEBAPEBDPEBD0PEAD@Z 00000001800014a0 f i hanaRouting.obj
 0001:000004c0       ?do_narrow@?$ctype@D@std@@MEBAPEBDPEBD0DPEAD@Z 00000001800014c0 f i hanaRouting.obj
 0001:000004e0       ??_E?$ctype@D@std@@MEAAPEAXI@Z 00000001800014e0 f i * CIL library *:* CIL module *
 0001:000004e0       ??_G?$ctype@D@std@@MEAAPEAXI@Z 00000001800014e0 f i hanaRouting.obj
 0001:00000550       ??0_System_error@std@@IEAA@Verror_code@1@AEBV?$basic_string@DU?$char_traits@D@std@@V?$allocator@D@2@@1@@Z 0000000180001550 f i hanaRouting.obj
 0001:000006c0       ?clear@ios_base@std@@QEAAXH_N@Z 00000001800016c0 f i hanaRouting.obj
 0001:000008f0       ??_Eios_base@std@@UEAAPEAXI@Z 00000001800018f0 f i * CIL library *:* CIL module *
 0001:000008f0       ??_Gios_base@std@@UEAAPEAXI@Z 00000001800018f0 f i hanaRouting.obj
 0001:00000930       ?Method@demo@@YAXAEBV?$FunctionCallbackInfo@VValue@v8@@@v8@@@Z 0000000180001930 f   hanaRouting.obj
 0001:00000fb0       ??_D?$basic_ostringstream@DU?$char_traits@D@std@@V?$allocator@D@2@@std@@QEAAXXZ 0000000180001fb0 f i hanaRouting.obj
 0001:00001040       ?init@demo@@YAXV?$Local@VObject@v8@@@v8@@@Z 0000000180002040 f   hanaRouting.obj
 0001:00001070       ?pbackfail@?$basic_streambuf@DU?$char_traits@D@std@@@std@@MEAAHH@Z 0000000180002070 f i hanaRouting.obj
 0001:00001070       ?overflow@?$basic_streambuf@DU?$char_traits@D@std@@@std@@MEAAHH@Z 0000000180002070 f i hanaRouting.obj
 0001:00001070       ?underflow@?$basic_streambuf@DU?$char_traits@D@std@@@std@@MEAAHXZ 0000000180002070 f i hanaRouting.obj
 0001:00001080       __init_dummy               0000000180002080 f i LIBCMT:wsetloca.obj
 0001:00001080       ?showmanyc@?$basic_streambuf@DU?$char_traits@D@std@@@std@@MEAA_JXZ 0000000180002080 f i hanaRouting.obj
 0001:00001080       ?sync@?$basic_streambuf@DU?$char_traits@D@std@@@std@@MEAAHXZ 0000000180002080 f i hanaRouting.obj
 0001:00001080       __init_collate             0000000180002080 f i LIBCMT:initcoll.obj
 0001:00001090       ?uflow@?$basic_streambuf@DU?$char_traits@D@std@@@std@@MEAAHXZ 0000000180002090 f i hanaRouting.obj
 0001:000010d0       ?xsgetn@?$basic_streambuf@DU?$char_traits@D@std@@@std@@MEAA_JPEAD_J@Z 00000001800020d0 f i hanaRouting.obj
 0001:00001190       ?xsputn@?$basic_streambuf@DU?$char_traits@D@std@@@std@@MEAA_JPEBD_J@Z 0000000180002190 f i hanaRouting.obj
 0001:00001250       ?seekpos@?$basic_streambuf@DU?$char_traits@D@std@@@std@@MEAA?AV?$fpos@H@2@V32@H@Z 0000000180002250 f i hanaRouting.obj
 0001:00001250       ?seekoff@?$basic_streambuf@DU?$char_traits@D@std@@@std@@MEAA?AV?$fpos@H@2@_JHH@Z 0000000180002250 f i hanaRouting.obj
 0001:00001270       ?setbuf@?$basic_streambuf@DU?$char_traits@D@std@@@std@@MEAAPEAV12@PEAD_J@Z 0000000180002270 f i hanaRouting.obj
 0001:00001280       ??6?$basic_ostream@DU?$char_traits@D@std@@@std@@QEAAAEAV01@N@Z 0000000180002280 f i hanaRouting.obj
 0001:00001430       ??1?$basic_stringbuf@DU?$char_traits@D@std@@V?$allocator@D@2@@std@@UEAA@XZ 0000000180002430 f i hanaRouting.obj
 0001:000014d0       ?overflow@?$basic_stringbuf@DU?$char_traits@D@std@@V?$allocator@D@2@@std@@MEAAHH@Z 00000001800024d0 f i hanaRouting.obj
 0001:00001750       ?pbackfail@?$basic_stringbuf@DU?$char_traits@D@std@@V?$allocator@D@2@@std@@MEAAHH@Z 0000000180002750 f i hanaRouting.obj
 0001:000017a0       ?underflow@?$basic_stringbuf@DU?$char_traits@D@std@@V?$allocator@D@2@@std@@MEAAHXZ 00000001800027a0 f i hanaRouting.obj
 0001:00001800       ?seekoff@?$basic_stringbuf@DU?$char_traits@D@std@@V?$allocator@D@2@@std@@MEAA?AV?$fpos@H@2@_JHH@Z 0000000180002800 f i hanaRouting.obj
 0001:00001990       ?seekpos@?$basic_stringbuf@DU?$char_traits@D@std@@V?$allocator@D@2@@std@@MEAA?AV?$fpos@H@2@V32@H@Z 0000000180002990 f i hanaRouting.obj
 0001:00001aa0       ??_G?$basic_streambuf@DU?$char_traits@D@std@@@std@@UEAAPEAXI@Z 0000000180002aa0 f i hanaRouting.obj
 0001:00001aa0       ??_E?$basic_streambuf@DU?$char_traits@D@std@@@std@@UEAAPEAXI@Z 0000000180002aa0 f i * CIL library *:* CIL module *
 0001:00001b20       ??_G?$basic_ostream@DU?$char_traits@D@std@@@std@@UEAAPEAXI@Z 0000000180002b20 f i hanaRouting.obj
 0001:00001b20       ??_E?$basic_ostream@DU?$char_traits@D@std@@@std@@UEAAPEAXI@Z 0000000180002b20 f i * CIL library *:* CIL module *
 0001:00001b90       ??_G?$basic_ostringstream@DU?$char_traits@D@std@@V?$allocator@D@2@@std@@UEAAPEAXI@Z 0000000180002b90 f i hanaRouting.obj
 0001:00001b90       ??_E?$basic_ostringstream@DU?$char_traits@D@std@@V?$allocator@D@2@@std@@UEAAPEAXI@Z 0000000180002b90 f i * CIL library *:* CIL module *
 0001:00001bd0       ??_G?$basic_stringbuf@DU?$char_traits@D@std@@V?$allocator@D@2@@std@@UEAAPEAXI@Z 0000000180002bd0 f i hanaRouting.obj
 0001:00001bd0       ??_E?$basic_stringbuf@DU?$char_traits@D@std@@V?$allocator@D@2@@std@@UEAAPEAXI@Z 0000000180002bd0 f i * CIL library *:* CIL module *
 0001:00001c00       ?append@?$basic_string@DU?$char_traits@D@std@@V?$allocator@D@2@@std@@QEAAAEAV12@AEBV12@_K1@Z 0000000180002c00 f i hanaRouting.obj
 0001:00001d30       ?append@?$basic_string@DU?$char_traits@D@std@@V?$allocator@D@2@@std@@QEAAAEAV12@PEBD_K@Z 0000000180002d30 f i hanaRouting.obj
 0001:00001e80       ?assign@?$basic_string@DU?$char_traits@D@std@@V?$allocator@D@2@@std@@QEAAAEAV12@AEBV12@_K1@Z 0000000180002e80 f i hanaRouting.obj
 0001:00001fb0       ?_Gnavail@?$basic_streambuf@DU?$char_traits@D@std@@@std@@IEBA_JXZ 0000000180002fb0 f i hanaRouting.obj
 0001:00001fd0       ?_Pnavail@?$basic_streambuf@DU?$char_traits@D@std@@@std@@IEBA_JXZ 0000000180002fd0 f i hanaRouting.obj
 0001:00001ff0       ?str@?$basic_stringbuf@DU?$char_traits@D@std@@V?$allocator@D@2@@std@@QEBA?AV?$basic_string@DU?$char_traits@D@std@@V?$allocator@D@2@@2@XZ 0000000180002ff0 f i hanaRouting.obj
 0001:00002180       ??0sentry@?$basic_ostream@DU?$char_traits@D@std@@@std@@QEAA@AEAV12@@Z 0000000180003180 f i hanaRouting.obj
 0001:000021f0       ?do_put@?$num_put@DV?$ostreambuf_iterator@DU?$char_traits@D@std@@@std@@@std@@MEBA?AV?$ostreambuf_iterator@DU?$char_traits@D@std@@@2@V32@AEAVios_base@2@D_N@Z 00000001800031f0 f i hanaRouting.obj
 0001:00002510       ?do_put@?$num_put@DV?$ostreambuf_iterator@DU?$char_traits@D@std@@@std@@@std@@MEBA?AV?$ostreambuf_iterator@DU?$char_traits@D@std@@@2@V32@AEAVios_base@2@DJ@Z 0000000180003510 f i hanaRouting.obj
 0001:00002610       ?do_put@?$num_put@DV?$ostreambuf_iterator@DU?$char_traits@D@std@@@std@@@std@@MEBA?AV?$ostreambuf_iterator@DU?$char_traits@D@std@@@2@V32@AEAVios_base@2@DK@Z 0000000180003610 f i hanaRouting.obj
 0001:00002710       ?do_put@?$num_put@DV?$ostreambuf_iterator@DU?$char_traits@D@std@@@std@@@std@@MEBA?AV?$ostreambuf_iterator@DU?$char_traits@D@std@@@2@V32@AEAVios_base@2@D_J@Z 0000000180003710 f i hanaRouting.obj
 0001:00002810       ?do_put@?$num_put@DV?$ostreambuf_iterator@DU?$char_traits@D@std@@@std@@@std@@MEBA?AV?$ostreambuf_iterator@DU?$char_traits@D@std@@@2@V32@AEAVios_base@2@D_K@Z 0000000180003810 f i hanaRouting.obj
 0001:00002910       ?do_put@?$num_put@DV?$ostreambuf_iterator@DU?$char_traits@D@std@@@std@@@std@@MEBA?AV?$ostreambuf_iterator@DU?$char_traits@D@std@@@2@V32@AEAVios_base@2@DN@Z 0000000180003910 f i hanaRouting.obj
 0001:00002b50       ?do_put@?$num_put@DV?$ostreambuf_iterator@DU?$char_traits@D@std@@@std@@@std@@MEBA?AV?$ostreambuf_iterator@DU?$char_traits@D@std@@@2@V32@AEAVios_base@2@DO@Z 0000000180003b50 f i hanaRouting.obj
 0001:00002d80       ?do_put@?$num_put@DV?$ostreambuf_iterator@DU?$char_traits@D@std@@@std@@@std@@MEBA?AV?$ostreambuf_iterator@DU?$char_traits@D@std@@@2@V32@AEAVios_base@2@DPEBX@Z 0000000180003d80 f i hanaRouting.obj
 0001:00002e20       ?do_decimal_point@?$numpunct@D@std@@MEBADXZ 0000000180003e20 f i hanaRouting.obj
 0001:00002e30       ?do_thousands_sep@?$numpunct@D@std@@MEBADXZ 0000000180003e30 f i hanaRouting.obj
 0001:00002e40       ?do_grouping@?$numpunct@D@std@@MEBA?AV?$basic_string@DU?$char_traits@D@std@@V?$allocator@D@2@@2@XZ 0000000180003e40 f i hanaRouting.obj
 0001:00002e90       ?do_falsename@?$numpunct@D@std@@MEBA?AV?$basic_string@DU?$char_traits@D@std@@V?$allocator@D@2@@2@XZ 0000000180003e90 f i hanaRouting.obj
 0001:00002ee0       ?do_truename@?$numpunct@D@std@@MEBA?AV?$basic_string@DU?$char_traits@D@std@@V?$allocator@D@2@@2@XZ 0000000180003ee0 f i hanaRouting.obj
 0001:00002f30       ??_G?$numpunct@D@std@@MEAAPEAXI@Z 0000000180003f30 f i hanaRouting.obj
 0001:00002f30       ??_E?$numpunct@D@std@@MEAAPEAXI@Z 0000000180003f30 f i * CIL library *:* CIL module *
 0001:00002f90       ?assign@?$basic_string@DU?$char_traits@D@std@@V?$allocator@D@2@@std@@QEAAAEAV12@PEBD_K@Z 0000000180003f90 f i hanaRouting.obj
 0001:000030d0       ?insert@?$basic_string@DU?$char_traits@D@std@@V?$allocator@D@2@@std@@QEAAAEAV12@_K0D@Z 00000001800040d0 f i hanaRouting.obj
 0001:00003240       ?erase@?$basic_string@DU?$char_traits@D@std@@V?$allocator@D@2@@std@@QEAAAEAV12@_K0@Z 0000000180004240 f i hanaRouting.obj
 0001:00003310       ??0?$basic_streambuf@DU?$char_traits@D@std@@@std@@IEAA@XZ 0000000180004310 f i hanaRouting.obj
 0001:000033c0       ?flush@?$basic_ostream@DU?$char_traits@D@std@@@std@@QEAAAEAV12@XZ 00000001800043c0 f i hanaRouting.obj
 0001:000034a0       ?_Fput@?$num_put@DV?$ostreambuf_iterator@DU?$char_traits@D@std@@@std@@@std@@AEBA?AV?$ostreambuf_iterator@DU?$char_traits@D@std@@@2@V32@AEAVios_base@2@DPEBD_K333@Z 00000001800044a0 f i hanaRouting.obj
 0001:00003c00       ?_Iput@?$num_put@DV?$ostreambuf_iterator@DU?$char_traits@D@std@@@std@@@std@@AEBA?AV?$ostreambuf_iterator@DU?$char_traits@D@std@@@2@V32@AEAVios_base@2@DPEAD_K@Z 0000000180004c00 f i hanaRouting.obj
 0001:00004290       ?assign@?$basic_string@DU?$char_traits@D@std@@V?$allocator@D@2@@std@@QEAAAEAV12@_KD@Z 0000000180005290 f i hanaRouting.obj
 0001:000043a0       ?_Copy@?$basic_string@DU?$char_traits@D@std@@V?$allocator@D@2@@std@@QEAAX_K0@Z 00000001800053a0 f i hanaRouting.obj
 0001:00004490       ??$use_facet@V?$ctype@D@std@@@std@@YAAEBV?$ctype@D@0@AEBVlocale@0@@Z 0000000180005490 f i hanaRouting.obj
 0001:000045a0       ??$NODE_SET_METHOD@V?$Local@VObject@v8@@@v8@@@node@@YAXAEBV?$Local@VObject@v8@@@v8@@PEBDP6AXAEBV?$FunctionCallbackInfo@VValue@v8@@@2@@Z@Z 00000001800055a0 f i hanaRouting.obj
 0001:00004660       ??$use_facet@V?$num_put@DV?$ostreambuf_iterator@DU?$char_traits@D@std@@@std@@@std@@@std@@YAAEBV?$num_put@DV?$ostreambuf_iterator@DU?$char_traits@D@std@@@std@@@0@AEBVlocale@0@@Z 0000000180005660 f i hanaRouting.obj
 0001:00004770       ??$use_facet@V?$numpunct@D@std@@@std@@YAAEBV?$numpunct@D@0@AEBVlocale@0@@Z 0000000180005770 f i hanaRouting.obj
 0001:00004880       ?_Getcat@?$num_put@DV?$ostreambuf_iterator@DU?$char_traits@D@std@@@std@@@std@@SA_KPEAPEBVfacet@locale@2@PEBV42@@Z 0000000180005880 f i hanaRouting.obj
 0001:00004940       ?_Getcat@?$numpunct@D@std@@SA_KPEAPEBVfacet@locale@2@PEBV42@@Z 0000000180005940 f i hanaRouting.obj
 0001:00004a20       ?insert@?$basic_string@DU?$char_traits@D@std@@V?$allocator@D@2@@std@@QEAAAEAV12@_KAEBV12@00@Z 0000000180005a20 f i hanaRouting.obj
 0001:00004b90       ?_Init@?$numpunct@D@std@@IEAAXAEBV_Locinfo@2@_N@Z 0000000180005b90 f i hanaRouting.obj
 0001:00004cc0       ??_E?$basic_ostringstream@DU?$char_traits@D@std@@V?$allocator@D@2@@std@@$4PPPPPPPM@A@EAAPEAXI@Z 0000000180005cc0 f i hanaRouting.obj
 0001:00004ccc       ??_E?$basic_ostream@DU?$char_traits@D@std@@@std@@$4PPPPPPPM@A@EAAPEAXI@Z 0000000180005ccc f i hanaRouting.obj
 0001:00004d2c       __imp_load_node_module_register 0000000180005d2c f   node:node.exe
 0001:00004d38       __tailMerge_node_exe       0000000180005d38 f i node:node.exe
 0001:00004db1       __imp_load_?NumberValue@Value@v8@@QEBANXZ 0000000180005db1 f   node:node.exe
 0001:00004dbd       __imp_load_?GetFunction@FunctionTemplate@v8@@QEAA?AV?$Local@VFunction@v8@@@2@XZ 0000000180005dbd f   node:node.exe
 0001:00004dc9       __imp_load_?New@FunctionTemplate@v8@@SA?AV?$Local@VFunctionTemplate@v8@@@2@PEAVIsolate@2@P6AXAEBV?$FunctionCallbackInfo@VValue@v8@@@2@@ZV?$Local@VValue@v8@@@2@V?$Local@VSignature@v8@@@2@H@Z 0000000180005dc9 f   node:node.exe
 0001:00004dd5       __imp_load_?NewFromUtf8@String@v8@@SA?AV?$Local@VString@v8@@@2@PEAVIsolate@2@PEBDW4NewStringType@12@H@Z 0000000180005dd5 f   node:node.exe
 0001:00004de1       __imp_load_??1HandleScope@v8@@QEAA@XZ 0000000180005de1 f   node:node.exe
 0001:00004ded       __imp_load_??0HandleScope@v8@@QEAA@PEAVIsolate@1@@Z 0000000180005ded f   node:node.exe
 0001:00004df9       __imp_load_?Set@Object@v8@@QEAA_NV?$Local@VValue@v8@@@2@0@Z 0000000180005df9 f   node:node.exe
 0001:00004e05       __imp_load_?SetName@Function@v8@@QEAAXV?$Local@VString@v8@@@2@@Z 0000000180005e05 f   node:node.exe
 0001:00004e11       __imp_load_?GetCurrent@Isolate@v8@@SAPEAV12@XZ 0000000180005e11 f   node:node.exe
 0001:00004e20       _Getcvt                    0000000180005e20 f   libcpmt:xwctomb.obj
 0001:00004eb0       ??4?$_Yarn@D@std@@QEAAAEAV01@PEBD@Z 0000000180005eb0 f i libcpmt:locale0.obj
 0001:00004f28       ??_E_Locimp@locale@std@@MEAAPEAXI@Z 0000000180005f28 f i libcpmt:locale0.obj
 0001:00004f28       ??_G_Locimp@locale@std@@MEAAPEAXI@Z 0000000180005f28 f i libcpmt:locale0.obj
 0001:00004f80       ?_Facet_Register@std@@YAXPEAV_Facet_base@1@@Z 0000000180005f80 f   libcpmt:locale0.obj
 0001:00004fb4       ?_Getgloballocale@locale@std@@CAPEAV_Locimp@12@XZ 0000000180005fb4 f   libcpmt:locale0.obj
 0001:00004fbc       ?_Init@locale@std@@CAPEAV_Locimp@12@_N@Z 0000000180005fbc f   libcpmt:locale0.obj
 0001:0000505c       ?_Locimp_dtor@_Locimp@locale@std@@CAXPEAV123@@Z 000000018000605c f   libcpmt:locale0.obj
 0001:000050d4       ?_Locinfo_ctor@_Locinfo@std@@SAXPEAV12@PEBD@Z 00000001800060d4 f   libcpmt:locale0.obj
 0001:00005140       ?_Locinfo_dtor@_Locinfo@std@@SAXPEAV12@@Z 0000000180006140 f   libcpmt:locale0.obj
 0001:00005164       ?_New_Locimp@_Locimp@locale@std@@CAPEAV123@_N@Z 0000000180006164 f   libcpmt:locale0.obj
 0001:000051d0       ?_Setgloballocale@locale@std@@CAXPEAX@Z 00000001800061d0 f   libcpmt:locale0.obj
 0001:00005204       _Deletegloballocale        0000000180006204 f   libcpmt:locale0.obj
 0001:00005264       ?_Ios_base_dtor@ios_base@std@@CAXPEAV12@@Z 0000000180006264 f   libcpmt:ios.obj
 0001:000052c8       ?_Tidy@ios_base@std@@AEAAXXZ 00000001800062c8 f i libcpmt:ios.obj
 0001:00005338       ??0bad_alloc@std@@QEAA@AEBV01@@Z 0000000180006338 f i libcpmt:xthrow.obj
 0001:0000535c       ??0length_error@std@@QEAA@AEBV01@@Z 000000018000635c f i libcpmt:xthrow.obj
 0001:00005380       ??0logic_error@std@@QEAA@AEBV01@@Z 0000000180006380 f i libcpmt:xthrow.obj
 0001:000053a4       ??0out_of_range@std@@QEAA@AEBV01@@Z 00000001800063a4 f i libcpmt:xthrow.obj
 0001:000053c8       ??1bad_alloc@std@@UEAA@XZ  00000001800063c8 f i libcpmt:xthrow.obj
 0001:000053d8       ??1out_of_range@std@@UEAA@XZ 00000001800063d8 f i libcpmt:xthrow.obj
 0001:000053d8       ??1length_error@std@@UEAA@XZ 00000001800063d8 f i libcpmt:xthrow.obj
 0001:000053e0       ??_Gbad_alloc@std@@UEAAPEAXI@Z 00000001800063e0 f i libcpmt:xthrow.obj
 0001:000053e0       ??_Ebad_alloc@std@@UEAAPEAXI@Z 00000001800063e0 f i libcpmt:xthrow.obj
 0001:0000541c       ??_Glogic_error@std@@UEAAPEAXI@Z 000000018000641c f i libcpmt:xthrow.obj
 0001:0000541c       ??_Elength_error@std@@UEAAPEAXI@Z 000000018000641c f i libcpmt:xthrow.obj
 0001:0000541c       ??_Glength_error@std@@UEAAPEAXI@Z 000000018000641c f i libcpmt:xthrow.obj
 0001:0000541c       ??_Elogic_error@std@@UEAAPEAXI@Z 000000018000641c f i libcpmt:xthrow.obj
 0001:0000541c       ??_Gout_of_range@std@@UEAAPEAXI@Z 000000018000641c f i libcpmt:xthrow.obj
 0001:0000541c       ??_Eout_of_range@std@@UEAAPEAXI@Z 000000018000641c f i libcpmt:xthrow.obj
 0001:0000544c       ?_Xbad_alloc@std@@YAXXZ    000000018000644c f   libcpmt:xthrow.obj
 0001:00005490       ?_Xlength_error@std@@YAXPEBD@Z 0000000180006490 f   libcpmt:xthrow.obj
 0001:000054c8       ?_Xout_of_range@std@@YAXPEBD@Z 00000001800064c8 f   libcpmt:xthrow.obj
 0001:00005500       ??0_Init_locks@std@@QEAA@XZ 0000000180006500 f   libcpmt:xlock.obj
 0001:0000554c       ??0_Lockit@std@@QEAA@H@Z   000000018000654c f   libcpmt:xlock.obj
 0001:0000558c       ??1_Init_locks@std@@QEAA@XZ 000000018000658c f   libcpmt:xlock.obj
 0001:000055c8       ??1_Lockit@std@@QEAA@XZ    00000001800065c8 f   libcpmt:xlock.obj
 0001:00005600       ??_U@YAPEAX_K@Z            0000000180006600 f   libcpmt:newaop.obj
 0001:00005608       _Getctype                  0000000180006608 f   libcpmt:_tolower.obj
 0001:00005684       _Tolower                   0000000180006684 f   libcpmt:_tolower.obj
 0001:000057b8       _Toupper                   00000001800067b8 f   libcpmt:_toupper.obj
 0001:000058fc       ?_Atexit@@YAXP6AXXZ@Z      00000001800068fc f   libcpmt:iosptrs.obj
 0001:0000593c       _Mtxdst                    000000018000693c f   libcpmt:xmtx.obj
 0001:00005944       _Mtxinit                   0000000180006944 f   libcpmt:xmtx.obj
 0001:00005954       _Mtxlock                   0000000180006954 f   libcpmt:xmtx.obj
 0001:0000595c       _Mtxunlock                 000000018000695c f   libcpmt:xmtx.obj
 0001:00005980       __security_check_cookie    0000000180006980 f   LIBCMT:amdsecgs.obj
 0001:000059a0       _set_abort_behavior        00000001800069a0 f   LIBCMT:abort.obj
 0001:000059bc       abort                      00000001800069bc f   LIBCMT:abort.obj
 0001:00005a14       _call_reportfault          0000000180006a14 f   LIBCMT:invarg.obj
 0001:00005b08       _initp_misc_invarg         0000000180006b08 f   LIBCMT:invarg.obj
 0001:00005b10       _invalid_parameter         0000000180006b10 f   LIBCMT:invarg.obj
 0001:00005b78       _invalid_parameter_noinfo  0000000180006b78 f   LIBCMT:invarg.obj
 0001:00005b98       _invoke_watson             0000000180006b98 f   LIBCMT:invarg.obj
 0001:00005bd4       sprintf_s                  0000000180006bd4 f   LIBCMT:sprintf.obj
 0001:00005c10       memmove                    0000000180006c10 f   LIBCMT:memcpy.obj
 0001:00005c10       memcpy                     0000000180006c10 f   LIBCMT:memcpy.obj
 0001:00006178       free                       0000000180007178 f   LIBCMT:free.obj
 0001:000061b8       localeconv                 00000001800071b8 f   LIBCMT:lconv.obj
 0001:000061f0       __onexitinit               00000001800071f0 f   LIBCMT:onexit.obj
 0001:00006234       _onexit                    0000000180007234 f   LIBCMT:onexit.obj
 0001:00006340       atexit                     0000000180007340 f   LIBCMT:onexit.obj
 0001:00006358       ??_V@YAXPEAX@Z             0000000180007358 f   LIBCMT:delete2.obj
 0001:00006360       _purecall                  0000000180007360 f   LIBCMT:purevirt.obj
 0001:0000638c       ??3@YAXPEAX@Z              000000018000738c f   LIBCMT:delete.obj
 0001:00006394       strcspn                    0000000180007394 f   LIBCMT:strcspn.obj
 0001:00006434       ??2@YAPEAX_K@Z             0000000180007434 f   LIBCMT:new.obj
 0001:000064a0       ??0_LocaleUpdate@@QEAA@PEAUlocaleinfo_struct@@@Z 00000001800074a0 f i LIBCMT:stricmp.obj
 0001:00006548       __ascii_stricmp            0000000180007548 f   LIBCMT:stricmp.obj
 0001:00006584       _stricmp                   0000000180007584 f   LIBCMT:stricmp.obj
 0001:000065cc       _stricmp_l                 00000001800075cc f   LIBCMT:stricmp.obj
 0001:00006680       _CRT_INIT                  0000000180007680 f   LIBCMT:dllcrt0.obj
 0001:000067e0       _DllMainCRTStartup         00000001800077e0 f   LIBCMT:dllcrt0.obj
 0001:00006940       ___lc_codepage_func        0000000180007940 f   LIBCMT:initctyp.obj
 0001:00006978       ___lc_locale_name_func     0000000180007978 f   LIBCMT:initctyp.obj
 0001:000069b4       ___mb_cur_max_func         00000001800079b4 f   LIBCMT:initctyp.obj
 0001:000069f0       __init_ctype               00000001800079f0 f   LIBCMT:initctyp.obj
 0001:00006e14       __doserrno                 0000000180007e14 f   LIBCMT:dosmap.obj
 0001:00006e34       _dosmaperr                 0000000180007e34 f   LIBCMT:dosmap.obj
 0001:00006e84       _errno                     0000000180007e84 f   LIBCMT:dosmap.obj
 0001:00006ea4       _get_errno_from_oserr      0000000180007ea4 f   LIBCMT:dosmap.obj
 0001:00006f70       _ismbblead                 0000000180007f70 f   LIBCMT:ismbbyte.obj
 0001:00006fa0       memset                     0000000180007fa0 f   LIBCMT:memset.obj
 0001:000071e0       strlen                     00000001800081e0 f   LIBCMT:strlen.obj
 0001:00007288       _CxxThrowException         0000000180008288 f   LIBCMT:throw.obj
 0001:00007350       ?_GetEstablisherFrame@@YAPEA_KPEA_KPEAU_xDISPATCHER_CONTEXT@@PEBU_s_FuncInfo@@0@Z 0000000180008350 f   LIBCMT:trnsctrl.obj
 0001:0000741c       ?_GetRangeOfTrysToCheck@@YAPEBU_s_TryBlockMapEntry@@PEA_KPEBU_s_FuncInfo@@HHPEAI2PEAU_xDISPATCHER_CONTEXT@@@Z 000000018000841c f   LIBCMT:trnsctrl.obj
 0001:00007548       ?__FrameUnwindToEmptyState@@YAXPEA_KPEAU_xDISPATCHER_CONTEXT@@PEBU_s_FuncInfo@@@Z 0000000180008548 f   LIBCMT:trnsctrl.obj
 0001:000075dc       ?__SehTransFilter@@YAHPEAU_EXCEPTION_POINTERS@@PEAUEHExceptionRecord@@PEA_KPEAU_CONTEXT@@PEAU_xDISPATCHER_CONTEXT@@PEBU_s_FuncInfo@@PEAH@Z 00000001800085dc f   LIBCMT:trnsctrl.obj
 0001:00007680       _CallSETranslator          0000000180008680 f   LIBCMT:trnsctrl.obj
 0001:000076d4       _CreateFrameInfo           00000001800086d4 f   LIBCMT:trnsctrl.obj
 0001:00007718       _FindAndUnlinkFrame        0000000180008718 f   LIBCMT:trnsctrl.obj
 0001:00007778       _GetImageBase              0000000180008778 f   LIBCMT:trnsctrl.obj
 0001:00007790       _GetThrowImageBase         0000000180008790 f   LIBCMT:trnsctrl.obj
 0001:000077a8       _IsExceptionObjectToBeDestroyed 00000001800087a8 f   LIBCMT:trnsctrl.obj
 0001:000077dc       _SetImageBase              00000001800087dc f   LIBCMT:trnsctrl.obj
 0001:000077f8       _SetThrowImageBase         00000001800087f8 f   LIBCMT:trnsctrl.obj
 0001:00007814       _UnwindNestedFrames        0000000180008814 f   LIBCMT:trnsctrl.obj
 0001:00007938       __CxxFrameHandler3         0000000180008938 f   LIBCMT:trnsctrl.obj
 0001:000079c0       ??8type_info@@QEBA_NAEBV0@@Z 00000001800089c0 f   LIBCMT:typinfo.obj
 0001:000079e0       ??_Etype_info@@UEAAPEAXI@Z 00000001800089e0 f i LIBCMT:typinfo.obj
 0001:000079e0       ??_Gtype_info@@UEAAPEAXI@Z 00000001800089e0 f i LIBCMT:typinfo.obj
 0001:00007a1c       _fpmath                    0000000180008a1c f   LIBCMT:fpinit.obj
 0001:00007a24       _cfltcvt_init              0000000180008a24 f   LIBCMT:fpinit.obj
 0001:00007aac       malloc                     0000000180008aac f   LIBCMT:malloc.obj
 0001:00007b64       setlocale                  0000000180008b64 f   LIBCMT:setlocal.obj
 0001:00007dd4       ??0exception@std@@QEAA@AEBQEBD@Z 0000000180008dd4 f   LIBCMT:stdexcpt.obj
 0001:00007e04       ??0exception@std@@QEAA@AEBQEBDH@Z 0000000180008e04 f   LIBCMT:stdexcpt.obj
 0001:00007e20       ??0exception@std@@QEAA@AEBV01@@Z 0000000180008e20 f   LIBCMT:stdexcpt.obj
 0001:00007e4c       ??1exception@std@@UEAA@XZ  0000000180008e4c f   LIBCMT:stdexcpt.obj
 0001:00007e5c       ??4exception@std@@QEAAAEAV01@AEBV01@@Z 0000000180008e5c f   LIBCMT:stdexcpt.obj
 0001:00007ea0       ??_Gexception@std@@UEAAPEAXI@Z 0000000180008ea0 f i LIBCMT:stdexcpt.obj
 0001:00007ea0       ??_Eexception@std@@UEAAPEAXI@Z 0000000180008ea0 f i LIBCMT:stdexcpt.obj
 0001:00007edc       ?_Copy_str@exception@std@@AEAAXPEBD@Z 0000000180008edc f   LIBCMT:stdexcpt.obj
 0001:00007f38       ?_Tidy@exception@std@@AEAAXXZ 0000000180008f38 f   LIBCMT:stdexcpt.obj
 0001:00007f60       ?what@exception@std@@UEBAPEBDXZ 0000000180008f60 f   LIBCMT:stdexcpt.obj
 0001:00007f74       _lock                      0000000180008f74 f   LIBCMT:mlock.obj
 0001:00007fb8       _mtdeletelocks             0000000180008fb8 f   LIBCMT:mlock.obj
 0001:00008040       _mtinitlocknum             0000000180009040 f   LIBCMT:mlock.obj
 0001:00008100       _mtinitlocks               0000000180009100 f   LIBCMT:mlock.obj
 0001:00008164       _unlock                    0000000180009164 f   LIBCMT:mlock.obj
 0001:0000817c       __pctype_func              000000018000917c f   LIBCMT:ctype.obj
 0001:000081b8       isdigit                    00000001800091b8 f i LIBCMT:_ctype.obj
 0001:00008234       islower                    0000000180009234 f i LIBCMT:_ctype.obj
 0001:000082b0       isupper                    00000001800092b0 f i LIBCMT:_ctype.obj
 0001:0000832c       _wcsdup                    000000018000932c f   LIBCMT:wcsdup.obj
 0001:00008690       __crtLCMapStringA          0000000180009690 f   LIBCMT:a_map.obj
 0001:00008728       _calloc_crt                0000000180009728 f   LIBCMT:crtheap.obj
 0001:000087a8       _malloc_crt                00000001800097a8 f   LIBCMT:crtheap.obj
 0001:00008824       _realloc_crt               0000000180009824 f   LIBCMT:crtheap.obj
 0001:000088c0       strcmp                     00000001800098c0 f   LIBCMT:strcmp.obj
 0001:00008928       __GSHandlerCheck           0000000180009928 f   LIBCMT:gshandler.obj
 0001:00008948       __GSHandlerCheckCommon     0000000180009948 f   LIBCMT:gshandler.obj
 0001:000089ac       __crtCaptureCurrentContext 00000001800099ac f   LIBCMT:winapisupp.obj
 0001:00008a1c       __crtCapturePreviousContext 0000000180009a1c f   LIBCMT:winapisupp.obj
 0001:00008a90       __crtFlsAlloc              0000000180009a90 f   LIBCMT:winapisupp.obj
 0001:00008aac       __crtFlsFree               0000000180009aac f   LIBCMT:winapisupp.obj
 0001:00008ac8       __crtFlsGetValue           0000000180009ac8 f   LIBCMT:winapisupp.obj
 0001:00008ae4       __crtFlsSetValue           0000000180009ae4 f   LIBCMT:winapisupp.obj
 0001:00008b00       __crtInitializeCriticalSectionEx 0000000180009b00 f   LIBCMT:winapisupp.obj
 0001:00008b2c       __crtIsPackagedApp         0000000180009b2c f   LIBCMT:winapisupp.obj
 0001:00008b78       __crtLoadWinApiPointers    0000000180009b78 f   LIBCMT:winapisupp.obj
 0001:00008f74       __crtSleep                 0000000180009f74 f   LIBCMT:winapisupp.obj
 0001:00008f7c       __crtTerminateProcess      0000000180009f7c f   LIBCMT:winapisupp.obj
 0001:00008f9c       __crtUnhandledException    0000000180009f9c f   LIBCMT:winapisupp.obj
 0001:00008fbc       wcslen                     0000000180009fbc f   LIBCMT:wcslen.obj
 0001:00008fd8       _tolower_l                 0000000180009fd8 f   LIBCMT:tolower.obj
 0001:0000912c       tolower                    000000018000a12c f   LIBCMT:tolower.obj
 0001:00009160       memcmp                     000000018000a160 f   LIBCMT:memcmp.obj
 0001:00009228       GetTableIndexFromLcid      000000018000a228 f   LIBCMT:winapinls.obj
 0001:0000926c       GetTableIndexFromLocaleName 000000018000a26c f   LIBCMT:winapinls.obj
 0001:000092f8       __crtDownlevelLCIDToLocaleName 000000018000a2f8 f   LIBCMT:winapinls.obj
 0001:000093a8       __crtDownlevelLocaleNameToLCID 000000018000a3a8 f   LIBCMT:winapinls.obj
 0001:000093e8       __crtEnumSystemLocalesEx   000000018000a3e8 f   LIBCMT:winapinls.obj
 0001:0000942c       __crtGetLocaleInfoEx       000000018000a42c f   LIBCMT:winapinls.obj
 0001:0000947c       __crtGetUserDefaultLocaleName 000000018000a47c f   LIBCMT:winapinls.obj
 0001:000094c0       __crtIsValidLocaleName     000000018000a4c0 f   LIBCMT:winapinls.obj
 0001:000094f4       __crtLCMapStringEx         000000018000a4f4 f   LIBCMT:winapinls.obj
 0001:00009584       __wcsnicmp_ascii           000000018000a584 f   LIBCMT:winapinls.obj
 0001:000095dc       __crtLCMapStringW          000000018000a5dc f   LIBCMT:w_map.obj
 0001:00009628       __raise_securityfailure    000000018000a628 f   LIBCMT:gs_report.obj
 0001:00009674       __report_gsfailure         000000018000a674 f   LIBCMT:gs_report.obj
 0001:00009748       __report_rangecheckfailure 000000018000a748 f   LIBCMT:gs_report.obj
 0001:0000975c       __report_securityfailure   000000018000a75c f   LIBCMT:gs_report.obj
 0001:000097f8       __crtCorExitProcess        000000018000a7f8 f   LIBCMT:crt0dat.obj
 0001:0000983c       __crtExitProcess           000000018000a83c f   LIBCMT:crt0dat.obj
 0001:00009854       __freeCrtMemory            000000018000a854 f   LIBCMT:crt0dat.obj
 0001:0000999c       _amsg_exit                 000000018000a99c f   LIBCMT:crt0dat.obj
 0001:000099c4       _cexit                     000000018000a9c4 f   LIBCMT:crt0dat.obj
 0001:000099d4       _cinit                     000000018000a9d4 f   LIBCMT:crt0dat.obj
 0001:00009a6c       _exit                      000000018000aa6c f   LIBCMT:crt0dat.obj
 0001:00009a78       _init_pointers             000000018000aa78 f   LIBCMT:crt0dat.obj
 0001:00009b24       _initterm_e                000000018000ab24 f   LIBCMT:crt0dat.obj
 0001:00009b60       _lockexit                  000000018000ab60 f   LIBCMT:crt0dat.obj
 0001:00009b6c       _unlockexit                000000018000ab6c f   LIBCMT:crt0dat.obj
 0001:00009d10       __get_sigabrt              000000018000ad10 f   LIBCMT:winsig.obj
 0001:00009d20       _initp_misc_winsig         000000018000ad20 f   LIBCMT:winsig.obj
 0001:00009d40       raise                      000000018000ad40 f   LIBCMT:winsig.obj
 0001:00009f74       __crt_debugger_hook        000000018000af74 f   LIBCMT:dbghook.obj
 0001:00009f7c       _flsbuf                    000000018000af7c f   LIBCMT:_flsbuf.obj
 0001:0000a108       _vsnprintf_helper          000000018000b108 f   LIBCMT:vsnprnc.obj
 0001:0000a1f0       _vsprintf_s_l              000000018000b1f0 f   LIBCMT:vsnprnc.obj
 0001:0000a260       __isa_available_init       000000018000b260 f   LIBCMT:cpu_disp.obj
 0001:0000a404       _heap_init                 000000018000b404 f   LIBCMT:heapinit.obj
 0001:0000a424       _heap_term                 000000018000b424 f   LIBCMT:heapinit.obj
 0001:0000a430       __addlocaleref             000000018000b430 f   LIBCMT:localref.obj
 0001:0000a4bc       __freetlocinfo             000000018000b4bc f   LIBCMT:localref.obj
 0001:0000a654       __removelocaleref          000000018000b654 f   LIBCMT:localref.obj
 0001:0000a6f8       __updatetlocinfo           000000018000b6f8 f   LIBCMT:localref.obj
 0001:0000a770       _updatetlocinfoEx_nolock   000000018000b770 f   LIBCMT:localref.obj
 0001:0000a7d4       _freefls                   000000018000b7d4 f   LIBCMT:tidtable.obj
 0001:0000a908       _freeptd                   000000018000b908 f   LIBCMT:tidtable.obj
 0001:0000a944       _getptd                    000000018000b944 f   LIBCMT:tidtable.obj
 0001:0000a968       _getptd_noexit             000000018000b968 f   LIBCMT:tidtable.obj
 0001:0000a9ec       _initptd                   000000018000b9ec f   LIBCMT:tidtable.obj
 0001:0000aab0       _mtinit                    000000018000bab0 f   LIBCMT:tidtable.obj
 0001:0000ab30       _mtterm                    000000018000bb30 f   LIBCMT:tidtable.obj
 0001:0000ab54       _msize                     000000018000bb54 f   LIBCMT:msize.obj
 0001:0000ab90       __C_specific_handler       000000018000bb90 f   LIBCMT:chandler.obj
 0001:0000ad74       __getlocaleinfo            000000018000bd74 f   LIBCMT:inithelp.obj
 0001:0000af5c       _initp_misc_purevirt       000000018000bf5c f   LIBCMT:inithelp.obj
 0001:0000af64       _callnewh                  000000018000bf64 f   LIBCMT:handler.obj
 0001:0000af98       _initp_heap_handler        000000018000bf98 f   LIBCMT:handler.obj
 0001:0000afa0       __initmbctable             000000018000bfa0 f   LIBCMT:mbctype.obj
 0001:0000b2bc       __updatetmbcinfo           000000018000c2bc f   LIBCMT:mbctype.obj
 0001:0000b378       _setmbcp                   000000018000c378 f   LIBCMT:mbctype.obj
 0001:0000b5bc       _setmbcp_nolock            000000018000c5bc f   LIBCMT:mbctype.obj
 0001:0000b86c       _locterm                   000000018000c86c f   LIBCMT:wsetloca.obj
 0001:0000b8b4       __copy_locale_name         000000018000c8b4 f   LIBCMT:wsetloca.obj
 0001:0000b938       __lc_lctowcs               000000018000c938 f   LIBCMT:wsetloca.obj
 0001:0000b9dc       __lc_wcstolc               000000018000c9dc f   LIBCMT:wsetloca.obj
 0001:0000bc50       _expandlocale              000000018000cc50 f   LIBCMT:wsetloca.obj
 0001:0000c024       _wcscats                   000000018000d024 f   LIBCMT:wsetloca.obj
 0001:0000c08c       _wsetlocale                000000018000d08c f   LIBCMT:wsetloca.obj
 0001:0000c978       _XcptFilter                000000018000d978 f   LIBCMT:winxfltr.obj
 0001:0000cb44       __CppXcptFilter            000000018000db44 f   LIBCMT:winxfltr.obj
 0001:0000cb58       _ioinit                    000000018000db58 f   LIBCMT:ioinit.obj
 0001:0000ce88       _ioterm                    000000018000de88 f   LIBCMT:ioinit.obj
 0001:0000cefc       _setargv                   000000018000defc f   LIBCMT:stdargv.obj
 0001:0000d1b8       _setenvp                   000000018000e1b8 f   LIBCMT:stdenvp.obj
 0001:0000d2ec       __security_init_cookie     000000018000e2ec f   LIBCMT:gs_support.obj
 0001:0000d398       DllMain                    000000018000e398 f   LIBCMT:dllmain.obj
 0001:0000d3a0       __crtGetEnvironmentStringsA 000000018000e3a0 f   LIBCMT:a_env.obj
 0001:0000d494       _RTC_Initialize            000000018000e494 f   LIBCMT:initsect.obj
 0001:0000d4cc       _RTC_Terminate             000000018000e4cc f   LIBCMT:initsect.obj
 0001:0000d67c       __crtGetStringTypeA        000000018000e67c f   LIBCMT:a_str.obj
 0001:0000d6f8       __DestructExceptionObject  000000018000e6f8 f   LIBCMT:frame.obj
 0001:0000d768       ??0bad_exception@std@@QEAA@AEBV01@@Z 000000018000e768 f i LIBCMT:frame.obj
 0001:0000d78c       ??1bad_exception@std@@UEAA@XZ 000000018000e78c f i LIBCMT:frame.obj
 0001:0000d79c       ??_Ebad_exception@std@@UEAAPEAXI@Z 000000018000e79c f i LIBCMT:frame.obj
 0001:0000d79c       ??_Gbad_exception@std@@UEAAPEAXI@Z 000000018000e79c f i LIBCMT:frame.obj
 0001:0000e090       __AdjustPointer            000000018000f090 f   LIBCMT:frame.obj
 0001:0000e0b4       __BuildCatchObject         000000018000f0b4 f   LIBCMT:frame.obj
 0001:0000e16c       __BuildCatchObjectHelper   000000018000f16c f   LIBCMT:frame.obj
 0001:0000e3bc       __CxxCallCatchBlock        000000018000f3bc f   LIBCMT:frame.obj
 0001:0000e5c0       __FrameUnwindFilter        000000018000f5c0 f   LIBCMT:frame.obj
 0001:0000e614       __FrameUnwindToState       000000018000f614 f   LIBCMT:frame.obj
 0001:0000e7a8       __InternalCxxFrameHandler  000000018000f7a8 f   LIBCMT:frame.obj
 0001:0000e9cc       __TypeMatch                000000018000f9cc f   LIBCMT:frame.obj
 0001:0000eafc       ?__GetCurrentState@@YAHPEA_KPEAU_xDISPATCHER_CONTEXT@@PEBU_s_FuncInfo@@@Z 000000018000fafc f   LIBCMT:ehstate.obj
 0001:0000eb24       ?__GetUnwindTryBlock@@YAHPEA_KPEAU_xDISPATCHER_CONTEXT@@PEBU_s_FuncInfo@@@Z 000000018000fb24 f   LIBCMT:ehstate.obj
 0001:0000eb50       ?__SetState@@YAXPEA_KPEAU_xDISPATCHER_CONTEXT@@PEBU_s_FuncInfo@@H@Z 000000018000fb50 f   LIBCMT:ehstate.obj
 0001:0000eb5c       ?__SetUnwindTryBlock@@YAXPEA_KPEAU_xDISPATCHER_CONTEXT@@PEBU_s_FuncInfo@@H@Z 000000018000fb5c f   LIBCMT:ehstate.obj
 0001:0000eb98       ?__StateFromControlPc@@YAHPEBU_s_FuncInfo@@PEAU_xDISPATCHER_CONTEXT@@@Z 000000018000fb98 f   LIBCMT:ehstate.obj
 0001:0000eba0       ?__StateFromIp@@YAHPEBU_s_FuncInfo@@PEAU_xDISPATCHER_CONTEXT@@_J@Z 000000018000fba0 f   LIBCMT:ehstate.obj
 0001:0000ec2c       ?_inconsistency@@YAXXZ     000000018000fc2c f   LIBCMT:hooks.obj
 0001:0000ec4c       ?terminate@@YAXXZ          000000018000fc4c f   LIBCMT:hooks.obj
 0001:0000ec6c       _initp_eh_hooks            000000018000fc6c f   LIBCMT:hooks.obj
 0001:0000ec8c       ?_Type_info_dtor@type_info@@CAXPEAV1@@Z 000000018000fc8c f   LIBCMT:typname.obj
 0001:0000ecf8       _cfltcvt                   000000018000fcf8 f   LIBCMT:cvt.obj
 0001:0000ed1c       _cfltcvt_l                 000000018000fd1c f   LIBCMT:cvt.obj
 0001:0000ed9c       _cftoa_l                   000000018000fd9c f   LIBCMT:cvt.obj
 0001:0000f348       _cftoe_l                   0000000180010348 f   LIBCMT:cvt.obj
 0001:0000f5a4       _cftof_l                   00000001800105a4 f   LIBCMT:cvt.obj
 0001:0000f678       _cftog_l                   0000000180010678 f   LIBCMT:cvt.obj
 0001:0000f7ac       _cropzeros                 00000001800107ac f   LIBCMT:cvt.obj
 0001:0000f7b4       _cropzeros_l               00000001800107b4 f   LIBCMT:cvt.obj
 0001:0000f84c       _fassign                   000000018001084c f   LIBCMT:cvt.obj
 0001:0000f854       _fassign_l                 0000000180010854 f   LIBCMT:cvt.obj
 0001:0000f894       _forcdecpt                 0000000180010894 f   LIBCMT:cvt.obj
 0001:0000f89c       _forcdecpt_l               000000018001089c f   LIBCMT:cvt.obj
 0001:0000f91c       _positive                  000000018001091c f   LIBCMT:cvt.obj
 0001:0000f930       _initp_misc_cfltcvt_tab    0000000180010930 f   LIBCMT:cmiscdat.obj
 0001:0000f96c       _FF_MSGBANNER              000000018001096c f   LIBCMT:crt0msg.obj
 0001:0000f9b0       _GET_RTERRMSG              00000001800109b0 f   LIBCMT:crt0msg.obj
 0001:0000f9e0       _NMSG_WRITE                00000001800109e0 f   LIBCMT:crt0msg.obj
 0001:0000fc50       _mbstowcs_l_helper         0000000180010c50 f   LIBCMT:mbstowcs.obj
 0001:0000fe2c       _mbstowcs_s_l              0000000180010e2c f   LIBCMT:mbstowcs.obj
 0001:0000ff5c       mbstowcs_s                 0000000180010f5c f   LIBCMT:mbstowcs.obj
 0001:0000ff7c       _wcstombs_l_helper         0000000180010f7c f   LIBCMT:wcstombs.obj
 0001:000102ac       _wcstombs_s_l              00000001800112ac f   LIBCMT:wcstombs.obj
 0001:00010398       strcpy_s                   0000000180011398 f   LIBCMT:strcpy_s.obj
 0001:000103fc       _isctype_l                 00000001800113fc f   LIBCMT:isctype.obj
 0001:000104d8       calloc                     00000001800114d8 f   LIBCMT:calloc.obj
 0001:0001051c       wcscpy_s                   000000018001151c f   LIBCMT:wcscpy_s.obj
 0001:000105a0       __chkstk                   00000001800115a0 f   LIBCMT:chkstk.obj
 0001:000105a0       _alloca_probe              00000001800115a0 f   LIBCMT:chkstk.obj
 0001:000105f0       realloc                    00000001800115f0 f   LIBCMT:realloc.obj
 0001:000106c4       _calloc_impl               00000001800116c4 f   LIBCMT:calloc_impl.obj
 0001:00010760       _wcsicmp                   0000000180011760 f   LIBCMT:wcsicmp.obj
 0001:000107e4       _wcsicmp_l                 00000001800117e4 f   LIBCMT:wcsicmp.obj
 0001:000108d4       _isleadbyte_l              00000001800118d4 f i LIBCMT:_wctype.obj
 0001:00010918       isleadbyte                 0000000180011918 f i LIBCMT:_wctype.obj
 0001:00010960       wcsnlen                    0000000180011960 f   LIBCMT:wcslen_s.obj
 0001:00010980       _FindPESection             0000000180011980 f   LIBCMT:pesect.obj
 0001:000109d0       _IsNonwritableInCurrentImage 00000001800119d0 f   LIBCMT:pesect.obj
 0001:00010a20       _ValidateImageBase         0000000180011a20 f   LIBCMT:pesect.obj
 0001:00010a50       _initp_misc_rand_s         0000000180011a50 f   LIBCMT:rand_s.obj
 0001:00010a58       __initstdio                0000000180011a58 f   LIBCMT:_file.obj
 0001:00010af0       __endstdio                 0000000180011af0 f   LIBCMT:_file.obj
 0001:00010b20       __iob_func                 0000000180011b20 f   LIBCMT:_file.obj
 0001:00010b28       _lock_file                 0000000180011b28 f   LIBCMT:_file.obj
 0001:00010b90       _lock_file2                0000000180011b90 f   LIBCMT:_file.obj
 0001:00010bc4       _unlock_file               0000000180011bc4 f   LIBCMT:_file.obj
 0001:00010c14       _unlock_file2              0000000180011c14 f   LIBCMT:_file.obj
 0001:00010c34       _fileno                    0000000180011c34 f   LIBCMT:fileno.obj
 0001:00010c5c       _isatty                    0000000180011c5c f   LIBCMT:isatty.obj
 0001:00010cbc       _write                     0000000180011cbc f   LIBCMT:write.obj
 0001:00010da0       _write_nolock              0000000180011da0 f   LIBCMT:write.obj
 0001:00011594       _lseeki64                  0000000180012594 f   LIBCMT:lseeki64.obj
 0001:0001167c       _lseeki64_nolock           000000018001267c f   LIBCMT:lseeki64.obj
 0001:00011710       _getbuf                    0000000180012710 f   LIBCMT:_getbuf.obj
 0001:00011764       _output_s_l                0000000180012764 f   LIBCMT:outputs.obj
 0001:000122bc       _get_printf_count_output   00000001800132bc f   LIBCMT:printf.obj
 0001:000122d4       _wctomb_s_l                00000001800132d4 f   LIBCMT:wctomb.obj
 0001:00012460       wctomb_s                   0000000180013460 f   LIBCMT:wctomb.obj
 0001:00012474       __free_lconv_mon           0000000180013474 f   LIBCMT:initmon.obj
 0001:00012580       __init_monetary            0000000180013580 f   LIBCMT:initmon.obj
 0001:00012a80       __free_lconv_num           0000000180013a80 f   LIBCMT:initnum.obj
 0001:00012aec       __init_numeric             0000000180013aec f   LIBCMT:initnum.obj
 0001:00012db4       __free_lc_time             0000000180013db4 f   LIBCMT:inittime.obj
 0001:000131b0       __init_time                00000001800141b0 f   LIBCMT:inittime.obj
 0001:00013de0       _local_unwind              0000000180014de0 f   LIBCMT:jmpuwind.obj
 0001:00013e10       _NLG_Notify                0000000180014e10 f   LIBCMT:jmpuwind.obj
 0001:00013e30       __NLG_Dispatch2            0000000180014e30 f   LIBCMT:jmpuwind.obj
 0001:00013e40       __NLG_Return2              0000000180014e40 f   LIBCMT:jmpuwind.obj
 0001:00013e44       strncpy_s                  0000000180014e44 f   LIBCMT:strncpy_s.obj
 0001:0001406c       __crtGetLocaleInfoA        000000018001506c f   LIBCMT:a_loc.obj
 0001:000140f0       _get_fpsr                  00000001800150f0 f   LIBCMT:fpsr.obj
 0001:00014100       _set_fpsr                  0000000180015100 f   LIBCMT:fpsr.obj
 0001:0001410a       _fclrf                     000000018001510a f   LIBCMT:fpsr.obj
 0001:0001411e       _frnd                      000000018001511e f   LIBCMT:fpsr.obj
 0001:00014140       wcscat_s                   0000000180015140 f   LIBCMT:wcscat_s.obj
 0001:000141c8       wcscmp                     00000001800151c8 f   LIBCMT:wcscmp.obj
 0001:00014204       wcscspn                    0000000180015204 f   LIBCMT:wcscspn.obj
 0001:00014244       wcsncmp                    0000000180015244 f   LIBCMT:wcsncmp.obj
 0001:00014270       wcsncpy_s                  0000000180015270 f   LIBCMT:wcsncpy_s.obj
 0001:0001433c       wcspbrk                    000000018001533c f   LIBCMT:wcspbrk.obj
 0001:00014a34       __get_qualified_locale     0000000180015a34 f   LIBCMT:getqloc.obj
 0001:00015464       __get_qualified_locale_downlevel 0000000180016464 f   LIBCMT:getqloc_downlevel.obj
 0001:000156fc       ?_ValidateExecute@@YAHP6A_JXZ@Z 00000001800166fc f   LIBCMT:validate.obj
 0001:000156fc       ?_ValidateRead@@YAHPEBXI@Z 00000001800166fc f   LIBCMT:validate.obj
 0001:000156fc       ?_ValidateWrite@@YAHPEAXI@Z 00000001800166fc f   LIBCMT:validate.obj
 0001:00015720       _CallSettingFrame          0000000180016720 f   LIBCMT:handlers.obj
 0001:00015760       _GetNextInstrOffset        0000000180016760 f   LIBCMT:handlers.obj
 0001:00015768       strrchr                    0000000180016768 f   LIBCMT:strrchr.obj
 0001:000158ac       _fptostr                   00000001800168ac f   LIBCMT:_fptostr.obj
 0001:00015978       __crt_atoflt_l             0000000180016978 f   LIBCMT:atodbl.obj
 0001:00015a48       _atodbl_l                  0000000180016a48 f   LIBCMT:atodbl.obj
 0001:00015b10       _atoflt_l                  0000000180016b10 f   LIBCMT:atodbl.obj
 0001:00015b18       __dtold                    0000000180016b18 f   LIBCMT:cfout.obj
 0001:00015be8       _fltout2                   0000000180016be8 f   LIBCMT:cfout.obj
 0001:00015ca0       _fptrap                    0000000180016ca0 f   LIBCMT:crt0fp.obj
 0001:00015cac       _set_error_mode            0000000180016cac f   LIBCMT:errmode.obj
 0001:00015cec       __crtMessageBoxW           0000000180016cec f   LIBCMT:crtmboxw.obj
 0001:00015f60       _towlower_l                0000000180016f60 f   LIBCMT:towlower.obj
 0001:0001602c       iswctype                   000000018001702c f   LIBCMT:iswctype.obj
 0001:00016094       _fflush_nolock             0000000180017094 f   LIBCMT:fflush.obj
 0001:000160e0       _flush                     00000001800170e0 f   LIBCMT:fflush.obj
 0001:0001615c       _flushall                  000000018001715c f   LIBCMT:fflush.obj
 0001:00016250       _fcloseall                 0000000180017250 f   LIBCMT:closeall.obj
 0001:000162f8       __lock_fhandle             00000001800172f8 f   LIBCMT:osfinfo.obj
 0001:00016390       _free_osfhnd               0000000180017390 f   LIBCMT:osfinfo.obj
 0001:0001643c       _get_osfhandle             000000018001743c f   LIBCMT:osfinfo.obj
 0001:000164b0       _unlock_fhandle            00000001800174b0 f   LIBCMT:osfinfo.obj
 0001:000164dc       _mbtowc_l                  00000001800174dc f   LIBCMT:mbtowc.obj
 0001:00016630       mbtowc                     0000000180017630 f   LIBCMT:mbtowc.obj
 0001:00016638       _putwch_nolock             0000000180017638 f   LIBCMT:putwch.obj
 0001:00016694       _itow_s                    0000000180017694 f   LIBCMT:xtows.obj
 0001:000167cc       _wtol                      00000001800177cc f   LIBCMT:wtox.obj
 0001:000167d8       wcschr                     00000001800177d8 f   LIBCMT:wcschr.obj
 0001:00016864       _wcsnicmp                  0000000180017864 f   LIBCMT:wcsnicmp.obj
 0001:000168fc       _wcsnicmp_l                00000001800178fc f   LIBCMT:wcsnicmp.obj
 0001:00016a14       _ld12tod                   0000000180017a14 f   LIBCMT:intrncvt.obj
 0001:00016fcc       _ld12tof                   0000000180017fcc f   LIBCMT:intrncvt.obj
 0001:00017584       __strgtold12_l             0000000180018584 f   LIBCMT:strgtold.obj
 0001:00017de8       $I10_OUTPUT                0000000180018de8 f   LIBCMT:x10fout.obj
 0001:000188c0       _commit                    00000001800198c0 f   LIBCMT:commit.obj
 0001:00018998       _fclose_nolock             0000000180019998 f   LIBCMT:fclose.obj
 0001:00018a14       fclose                     0000000180019a14 f   LIBCMT:fclose.obj
 0001:00018a7c       __termconout               0000000180019a7c f   LIBCMT:initcon.obj
 0001:00018a9c       __initconout               0000000180019a9c f   LIBCMT:initcon.obj
 0001:00018cc0       wcstol                     0000000180019cc0 f   LIBCMT:wcstol.obj
 0001:00018cc8       __mtold12                  0000000180019cc8 f   LIBCMT:mantold.obj
 0001:00018eec       _close                     0000000180019eec f   LIBCMT:close.obj
 0001:00018fb0       _close_nolock              0000000180019fb0 f   LIBCMT:close.obj
 0001:0001906c       _freebuf                   000000018001a06c f   LIBCMT:_freebuf.obj
 0001:000190a4       _wchartodigit              000000018001a0a4 f   LIBCMT:wchtodig.obj
 0001:00019240       IsProcessorFeaturePresent  000000018001a240 f   kernel32:KERNEL32.dll
 0001:00019246       RtlUnwindEx                000000018001a246 f   kernel32:KERNEL32.dll
 0001:0001924c       __delayLoadHelper2         000000018001a24c f   DelayImp:delayhlp.obj
 0002:00000000       __imp_GetModuleHandleA     000000018001b000     kernel32:KERNEL32.dll
 0002:00000008       __imp_WideCharToMultiByte  000000018001b008     kernel32:KERNEL32.dll
 0002:00000010       __imp_EncodePointer        000000018001b010     kernel32:KERNEL32.dll
 0002:00000018       __imp_DecodePointer        000000018001b018     kernel32:KERNEL32.dll
 0002:00000020       __imp_EnterCriticalSection 000000018001b020     kernel32:KERNEL32.dll
 0002:00000028       __imp_LeaveCriticalSection 000000018001b028     kernel32:KERNEL32.dll
 0002:00000030       __imp_DeleteCriticalSection 000000018001b030     kernel32:KERNEL32.dll
 0002:00000038       __imp_MultiByteToWideChar  000000018001b038     kernel32:KERNEL32.dll
 0002:00000040       __imp_GetStringTypeW       000000018001b040     kernel32:KERNEL32.dll
 0002:00000048       __imp_IsProcessorFeaturePresent 000000018001b048     kernel32:KERNEL32.dll
 0002:00000050       __imp_IsDebuggerPresent    000000018001b050     kernel32:KERNEL32.dll
 0002:00000058       __imp_GetLastError         000000018001b058     kernel32:KERNEL32.dll
 0002:00000060       __imp_HeapFree             000000018001b060     kernel32:KERNEL32.dll
 0002:00000068       __imp_GetCommandLineA      000000018001b068     kernel32:KERNEL32.dll
 0002:00000070       __imp_GetCurrentThreadId   000000018001b070     kernel32:KERNEL32.dll
 0002:00000078       __imp_GetCPInfo            000000018001b078     kernel32:KERNEL32.dll
 0002:00000080       __imp_RtlPcToFileHeader    000000018001b080     kernel32:KERNEL32.dll
 0002:00000088       __imp_RaiseException       000000018001b088     kernel32:KERNEL32.dll
 0002:00000090       __imp_RtlLookupFunctionEntry 000000018001b090     kernel32:KERNEL32.dll
 0002:00000098       __imp_RtlUnwindEx          000000018001b098     kernel32:KERNEL32.dll
 0002:000000a0       __imp_HeapAlloc            000000018001b0a0     kernel32:KERNEL32.dll
 0002:000000a8       __imp_RtlCaptureContext    000000018001b0a8     kernel32:KERNEL32.dll
 0002:000000b0       __imp_RtlVirtualUnwind     000000018001b0b0     kernel32:KERNEL32.dll
 0002:000000b8       __imp_UnhandledExceptionFilter 000000018001b0b8     kernel32:KERNEL32.dll
 0002:000000c0       __imp_SetUnhandledExceptionFilter 000000018001b0c0     kernel32:KERNEL32.dll
 0002:000000c8       __imp_SetLastError         000000018001b0c8     kernel32:KERNEL32.dll
 0002:000000d0       __imp_InitializeCriticalSectionAndSpinCount 000000018001b0d0     kernel32:KERNEL32.dll
 0002:000000d8       __imp_Sleep                000000018001b0d8     kernel32:KERNEL32.dll
 0002:000000e0       __imp_GetCurrentProcess    000000018001b0e0     kernel32:KERNEL32.dll
 0002:000000e8       __imp_TerminateProcess     000000018001b0e8     kernel32:KERNEL32.dll
 0002:000000f0       __imp_TlsAlloc             000000018001b0f0     kernel32:KERNEL32.dll
 0002:000000f8       __imp_TlsGetValue          000000018001b0f8     kernel32:KERNEL32.dll
 0002:00000100       __imp_TlsSetValue          000000018001b100     kernel32:KERNEL32.dll
 0002:00000108       __imp_TlsFree              000000018001b108     kernel32:KERNEL32.dll
 0002:00000110       __imp_GetStartupInfoW      000000018001b110     kernel32:KERNEL32.dll
 0002:00000118       __imp_GetModuleHandleW     000000018001b118     kernel32:KERNEL32.dll
 0002:00000120       __imp_GetProcAddress       000000018001b120     kernel32:KERNEL32.dll
 0002:00000128       __imp_LCMapStringW         000000018001b128     kernel32:KERNEL32.dll
 0002:00000130       __imp_GetLocaleInfoW       000000018001b130     kernel32:KERNEL32.dll
 0002:00000138       __imp_IsValidLocale        000000018001b138     kernel32:KERNEL32.dll
 0002:00000140       __imp_GetUserDefaultLCID   000000018001b140     kernel32:KERNEL32.dll
 0002:00000148       __imp_EnumSystemLocalesW   000000018001b148     kernel32:KERNEL32.dll
 0002:00000150       __imp_ExitProcess          000000018001b150     kernel32:KERNEL32.dll
 0002:00000158       __imp_GetModuleHandleExW   000000018001b158     kernel32:KERNEL32.dll
 0002:00000160       __imp_GetProcessHeap       000000018001b160     kernel32:KERNEL32.dll
 0002:00000168       __imp_HeapSize             000000018001b168     kernel32:KERNEL32.dll
 0002:00000170       __imp_IsValidCodePage      000000018001b170     kernel32:KERNEL32.dll
 0002:00000178       __imp_GetACP               000000018001b178     kernel32:KERNEL32.dll
 0002:00000180       __imp_GetOEMCP             000000018001b180     kernel32:KERNEL32.dll
 0002:00000188       __imp_GetStdHandle         000000018001b188     kernel32:KERNEL32.dll
 0002:00000190       __imp_GetFileType          000000018001b190     kernel32:KERNEL32.dll
 0002:00000198       __imp_GetModuleFileNameA   000000018001b198     kernel32:KERNEL32.dll
 0002:000001a0       __imp_QueryPerformanceCounter 000000018001b1a0     kernel32:KERNEL32.dll
 0002:000001a8       __imp_GetCurrentProcessId  000000018001b1a8     kernel32:KERNEL32.dll
 0002:000001b0       __imp_GetSystemTimeAsFileTime 000000018001b1b0     kernel32:KERNEL32.dll
 0002:000001b8       __imp_GetEnvironmentStringsW 000000018001b1b8     kernel32:KERNEL32.dll
 0002:000001c0       __imp_FreeEnvironmentStringsW 000000018001b1c0     kernel32:KERNEL32.dll
 0002:000001c8       __imp_WriteFile            000000018001b1c8     kernel32:KERNEL32.dll
 0002:000001d0       __imp_GetModuleFileNameW   000000018001b1d0     kernel32:KERNEL32.dll
 0002:000001d8       __imp_HeapReAlloc          000000018001b1d8     kernel32:KERNEL32.dll
 0002:000001e0       __imp_FreeLibrary          000000018001b1e0     kernel32:KERNEL32.dll
 0002:000001e8       __imp_LoadLibraryExW       000000018001b1e8     kernel32:KERNEL32.dll
 0002:000001f0       __imp_GetConsoleCP         000000018001b1f0     kernel32:KERNEL32.dll
 0002:000001f8       __imp_GetConsoleMode       000000018001b1f8     kernel32:KERNEL32.dll
 0002:00000200       __imp_SetFilePointerEx     000000018001b200     kernel32:KERNEL32.dll
 0002:00000208       __imp_OutputDebugStringW   000000018001b208     kernel32:KERNEL32.dll
 0002:00000210       __imp_SetStdHandle         000000018001b210     kernel32:KERNEL32.dll
 0002:00000218       __imp_WriteConsoleW        000000018001b218     kernel32:KERNEL32.dll
 0002:00000220       __imp_FlushFileBuffers     000000018001b220     kernel32:KERNEL32.dll
 0002:00000228       __imp_CreateFileW          000000018001b228     kernel32:KERNEL32.dll
 0002:00000230       __imp_CloseHandle          000000018001b230     kernel32:KERNEL32.dll
 0002:00000238       __imp_LoadLibraryExA       000000018001b238     kernel32:KERNEL32.dll
 0002:00000240       \177KERNEL32_NULL_THUNK_DATA 000000018001b240     kernel32:KERNEL32.dll
 0002:00000248       __xc_a                     000000018001b248     LIBCMT:crt0init.obj
 0002:00000288       _register_addon_           000000018001b288     hanaRouting.obj
 0002:00000290       __xc_z                     000000018001b290     LIBCMT:crt0init.obj
 0002:00000298       __xi_a                     000000018001b298     LIBCMT:crt0init.obj
 0002:000002c0       __xi_z                     000000018001b2c0     LIBCMT:crt0init.obj
 0002:000002c8       __xp_a                     000000018001b2c8     LIBCMT:crt0init.obj
 0002:000002e8       __xp_z                     000000018001b2e8     LIBCMT:crt0init.obj
 0002:000002f0       __xt_a                     000000018001b2f0     LIBCMT:crt0init.obj
 0002:000002f8       __xt_z                     000000018001b2f8     LIBCMT:crt0init.obj
 0002:00000340       __sz_node_exe              000000018001b340     node:node.exe
 0002:00000cf0       ??_C@_0BC@CIJDGCDI@permission?5denied?$AA@ 000000018001bcf0     libcpmt:syserror.obj
 0002:00000d08       ??_C@_0M@MIDIAGJP@file?5exists?$AA@ 000000018001bd08     libcpmt:syserror.obj
 0002:00000d18       ??_C@_0P@FDINDDOK@no?5such?5device?$AA@ 000000018001bd18     libcpmt:syserror.obj
 0002:00000d28       ??_C@_0BC@EJHOMAAK@filename?5too?5long?$AA@ 000000018001bd28     libcpmt:syserror.obj
 0002:00000d40       ??_C@_0BI@NGCEHDD@device?5or?5resource?5busy?$AA@ 000000018001bd40     libcpmt:syserror.obj
 0002:00000d58       ??_C@_08GLNPIFBN@io?5error?$AA@ 000000018001bd58     libcpmt:syserror.obj
 0002:00000d68       ??_C@_0BE@JIDOCPHM@directory?5not?5empty?$AA@ 000000018001bd68     libcpmt:syserror.obj
 0002:00000d80       ??_C@_0BB@FCMFBGOM@invalid?5argument?$AA@ 000000018001bd80     libcpmt:syserror.obj
 0002:00000d98       ??_C@_0BD@IJDJKDEA@no?5space?5on?5device?$AA@ 000000018001bd98     libcpmt:syserror.obj
 0002:00000db0       ??_C@_0BK@NDOCBPGE@no?5such?5file?5or?5directory?$AA@ 000000018001bdb0     libcpmt:syserror.obj
 0002:00000dd0       ??_C@_0BH@KEFGLDAF@function?5not?5supported?$AA@ 000000018001bdd0     libcpmt:syserror.obj
 0002:00000de8       ??_C@_0BC@NJECKMKE@no?5lock?5available?$AA@ 000000018001bde8     libcpmt:syserror.obj
 0002:00000e00       ??_C@_0BC@ENOOLCNF@not?5enough?5memory?$AA@ 000000018001be00     libcpmt:syserror.obj
 0002:00000e18       ??_C@_0BP@LKNGHENJ@resource?5unavailable?5try?5again?$AA@ 000000018001be18     libcpmt:syserror.obj
 0002:00000e38       ??_C@_0BC@PPHBOELF@cross?5device?5link?$AA@ 000000018001be38     libcpmt:syserror.obj
 0002:00000e50       ??_C@_0BD@MOLBPMEA@operation?5canceled?$AA@ 000000018001be50     libcpmt:syserror.obj
 0002:00000e68       ??_C@_0BE@GHAFMPAH@too?5many?5files?5open?$AA@ 000000018001be68     libcpmt:syserror.obj
 0002:00000e80       ??_C@_0BC@FNODOBAE@permission_denied?$AA@ 000000018001be80     libcpmt:syserror.obj
 0002:00000e98       ??_C@_0P@LNDJPBFK@address_in_use?$AA@ 000000018001be98     libcpmt:syserror.obj
 0002:00000ea8       ??_C@_0BG@IPMGOJF@address_not_available?$AA@ 000000018001bea8     libcpmt:syserror.obj
 0002:00000ec0       ??_C@_0BN@LCBDHODA@address_family_not_supported?$AA@ 000000018001bec0     libcpmt:syserror.obj
 0002:00000ee0       ??_C@_0BP@FOJJHMCC@connection_already_in_progress?$AA@ 000000018001bee0     libcpmt:syserror.obj
 0002:00000f00       ??_C@_0BE@DLHHIBGN@bad_file_descriptor?$AA@ 000000018001bf00     libcpmt:syserror.obj
 0002:00000f18       ??_C@_0BD@OJMJDIGI@connection_aborted?$AA@ 000000018001bf18     libcpmt:syserror.obj
 0002:00000f30       ??_C@_0BD@NGKCIFEP@connection_refused?$AA@ 000000018001bf30     libcpmt:syserror.obj
 0002:00000f48       ??_C@_0BB@JOANDNCK@connection_reset?$AA@ 000000018001bf48     libcpmt:syserror.obj
 0002:00000f60       ??_C@_0BN@JLJNLKLK@destination_address_required?$AA@ 000000018001bf60     libcpmt:syserror.obj
 0002:00000f80       ??_C@_0M@IJGMGFGP@bad_address?$AA@ 000000018001bf80     libcpmt:syserror.obj
 0002:00000f90       ??_C@_0BB@KKNHPPIN@host_unreachable?$AA@ 000000018001bf90     libcpmt:syserror.obj
 0002:00000fa8       ??_C@_0BG@DJGBJIIK@operation_in_progress?$AA@ 000000018001bfa8     libcpmt:syserror.obj
 0002:00000fc0       ??_C@_0M@EGEKIIMP@interrupted?$AA@ 000000018001bfc0     libcpmt:syserror.obj
 0002:00000fd0       ??_C@_0BB@FFIHMIPJ@invalid_argument?$AA@ 000000018001bfd0     libcpmt:syserror.obj
 0002:00000fe8       ??_C@_0BC@FIFLCHLO@already_connected?$AA@ 000000018001bfe8     libcpmt:syserror.obj
 0002:00001000       ??_C@_0BE@GJJJJDDA@too_many_files_open?$AA@ 000000018001c000     libcpmt:syserror.obj
 0002:00001018       ??_C@_0N@HPMLKHPL@message_size?$AA@ 000000018001c018     libcpmt:syserror.obj
 0002:00001028       ??_C@_0BC@LEEIKBAL@filename_too_long?$AA@ 000000018001c028     libcpmt:syserror.obj
 0002:00001040       ??_C@_0N@FCPALPJK@network_down?$AA@ 000000018001c040     libcpmt:syserror.obj
 0002:00001050       ??_C@_0O@EHNDLHIG@network_reset?$AA@ 000000018001c050     libcpmt:syserror.obj
 0002:00001060       ??_C@_0BE@JFNJIDNF@network_unreachable?$AA@ 000000018001c060     libcpmt:syserror.obj
 0002:00001078       ??_C@_0BA@FDIJKJCL@no_buffer_space?$AA@ 000000018001c078     libcpmt:syserror.obj
 0002:00001088       ??_C@_0BD@JHIHCGKP@no_protocol_option?$AA@ 000000018001c088     libcpmt:syserror.obj
 0002:000010a0       ??_C@_0O@GBCLHHD@not_connected?$AA@ 000000018001c0a0     libcpmt:syserror.obj
 0002:000010b0       ??_C@_0N@IMHKKLEM@not_a_socket?$AA@ 000000018001c0b0     libcpmt:syserror.obj
 0002:000010c0       ??_C@_0BI@ICEIDKLJ@operation_not_supported?$AA@ 000000018001c0c0     libcpmt:syserror.obj
 0002:000010d8       ??_C@_0BH@KAPBAIJF@protocol_not_supported?$AA@ 000000018001c0d8     libcpmt:syserror.obj
 0002:000010f0       ??_C@_0BE@GAOJJFPC@wrong_protocol_type?$AA@ 000000018001c0f0     libcpmt:syserror.obj
 0002:00001108       ??_C@_09NCHNLHPG@timed_out?$AA@ 000000018001c108     libcpmt:syserror.obj
 0002:00001118       ??_C@_0BG@GDGHKFDH@operation_would_block?$AA@ 000000018001c118     libcpmt:syserror.obj
 0002:00001130       ??_C@_0BN@LKKBCCDB@address?5family?5not?5supported?$AA@ 000000018001c130     libcpmt:syserror.obj
 0002:00001150       ??_C@_0P@LDMLAFHI@address?5in?5use?$AA@ 000000018001c150     libcpmt:syserror.obj
 0002:00001160       ??_C@_0BG@DHPCNBJB@address?5not?5available?$AA@ 000000018001c160     libcpmt:syserror.obj
 0002:00001178       ??_C@_0BC@DFIBIBIL@already?5connected?$AA@ 000000018001c178     libcpmt:syserror.obj
 0002:00001190       ??_C@_0BH@CAKOHOMI@argument?5list?5too?5long?$AA@ 000000018001c190     libcpmt:syserror.obj
 0002:000011a8       ??_C@_0BH@CGIMPKIM@argument?5out?5of?5domain?$AA@ 000000018001c1a8     libcpmt:syserror.obj
 0002:000011c0       ??_C@_0M@KGHGGJGL@bad?5address?$AA@ 000000018001c1c0     libcpmt:syserror.obj
 0002:000011d0       ??_C@_0BE@MPJPGCEO@bad?5file?5descriptor?$AA@ 000000018001c1d0     libcpmt:syserror.obj
 0002:000011e8       ??_C@_0M@PMMIEFCP@bad?5message?$AA@ 000000018001c1e8     libcpmt:syserror.obj
 0002:000011f8       ??_C@_0M@KPHOFDBE@broken?5pipe?$AA@ 000000018001c1f8     libcpmt:syserror.obj
 0002:00001208       ??_C@_0BD@MGNDDEGM@connection?5aborted?$AA@ 000000018001c208     libcpmt:syserror.obj
 0002:00001220       ??_C@_0BP@KAIHPOGN@connection?5already?5in?5progress?$AA@ 000000018001c220     libcpmt:syserror.obj
 0002:00001240       ??_C@_0BD@PJLIIJEL@connection?5refused?$AA@ 000000018001c240     libcpmt:syserror.obj
 0002:00001258       ??_C@_0BB@IECNJNOI@connection?5reset?$AA@ 000000018001c258     libcpmt:syserror.obj
 0002:00001270       ??_C@_0BN@KDMIFEIP@destination?5address?5required?$AA@ 000000018001c270     libcpmt:syserror.obj
 0002:00001290       ??_C@_0BI@BNCLIGPB@executable?5format?5error?$AA@ 000000018001c290     libcpmt:syserror.obj
 0002:000012a8       ??_C@_0P@DNAJLBJK@file?5too?5large?$AA@ 000000018001c2a8     libcpmt:syserror.obj
 0002:000012b8       ??_C@_0BB@DHFDFGDM@host?5unreachable?$AA@ 000000018001c2b8     libcpmt:syserror.obj
 0002:000012d0       ??_C@_0BD@JPHBMONG@identifier?5removed?$AA@ 000000018001c2d0     libcpmt:syserror.obj
 0002:000012e8       ??_C@_0BG@CDNPAGJK@illegal?5byte?5sequence?$AA@ 000000018001c2e8     libcpmt:syserror.obj
 0002:00001300       ??_C@_0CD@BNPLBMNA@inappropriate?5io?5control?5operati@ 000000018001c300     libcpmt:syserror.obj
 0002:00001328       ??_C@_0N@OHAFKDEK@invalid?5seek?$AA@ 000000018001c328     libcpmt:syserror.obj
 0002:00001338       ??_C@_0P@FLLDBIDK@is?5a?5directory?$AA@ 000000018001c338     libcpmt:syserror.obj
 0002:00001348       ??_C@_0N@IFLPBIOP@message?5size?$AA@ 000000018001c348     libcpmt:syserror.obj
 0002:00001358       ??_C@_0N@KIIEAAIO@network?5down?$AA@ 000000018001c358     libcpmt:syserror.obj
 0002:00001368       ??_C@_0O@FNPDBHEE@network?5reset?$AA@ 000000018001c368     libcpmt:syserror.obj
 0002:00001378       ??_C@_0BE@IFNCKGE@network?5unreachable?$AA@ 000000018001c378     libcpmt:syserror.obj
 0002:00001390       ??_C@_0BA@PFFCAOFK@no?5buffer?5space?$AA@ 000000018001c390     libcpmt:syserror.obj
 0002:000013a0       ??_C@_0BB@IEPBLJHK@no?5child?5process?$AA@ 000000018001c3a0     libcpmt:syserror.obj
 0002:000013b8       ??_C@_07PLECNNKG@no?5link?$AA@ 000000018001c3b8     libcpmt:syserror.obj
 0002:000013c0       ??_C@_0BF@PBGGPKKE@no?5message?5available?$AA@ 000000018001c3c0     libcpmt:syserror.obj
 0002:000013d8       ??_C@_0L@EDOLMPAK@no?5message?$AA@ 000000018001c3d8     libcpmt:syserror.obj
 0002:000013e8       ??_C@_0BD@EAMBFIDF@no?5protocol?5option?$AA@ 000000018001c3e8     libcpmt:syserror.obj
 0002:00001400       ??_C@_0BE@MKFDAFMP@no?5stream?5resources?$AA@ 000000018001c400     libcpmt:syserror.obj
 0002:00001418       ??_C@_0BK@IMCPHCBI@no?5such?5device?5or?5address?$AA@ 000000018001c418     libcpmt:syserror.obj
 0002:00001438       ??_C@_0BA@ENLPPKBN@no?5such?5process?$AA@ 000000018001c438     libcpmt:syserror.obj
 0002:00001448       ??_C@_0BA@DOCPFFJG@not?5a?5directory?$AA@ 000000018001c448     libcpmt:syserror.obj
 0002:00001458       ??_C@_0N@POEIPGGF@not?5a?5socket?$AA@ 000000018001c458     libcpmt:syserror.obj
 0002:00001468       ??_C@_0N@LGAPMMPI@not?5a?5stream?$AA@ 000000018001c468     libcpmt:syserror.obj
 0002:00001478       ??_C@_0O@GLMIBBEG@not?5connected?$AA@ 000000018001c478     libcpmt:syserror.obj
 0002:00001488       ??_C@_0O@NHEDABJP@not?5supported?$AA@ 000000018001c488     libcpmt:syserror.obj
 0002:00001498       ??_C@_0BG@KDKHOPCO@operation?5in?5progress?$AA@ 000000018001c498     libcpmt:syserror.obj
 0002:000014b0       ??_C@_0BI@OHIEJAAB@operation?5not?5permitted?$AA@ 000000018001c4b0     libcpmt:syserror.obj
 0002:000014c8       ??_C@_0BI@LNEGIFLN@operation?5not?5supported?$AA@ 000000018001c4c8     libcpmt:syserror.obj
 0002:000014e0       ??_C@_0BG@OEMDKMEE@operation?5would?5block?$AA@ 000000018001c4e0     libcpmt:syserror.obj
 0002:000014f8       ??_C@_0L@BLPOFLNJ@owner?5dead?$AA@ 000000018001c4f8     libcpmt:syserror.obj
 0002:00001508       ??_C@_0P@FNPOCJBE@protocol?5error?$AA@ 000000018001c508     libcpmt:syserror.obj
 0002:00001518       ??_C@_0BH@JPPPLHJB@protocol?5not?5supported?$AA@ 000000018001c518     libcpmt:syserror.obj
 0002:00001530       ??_C@_0BG@EICBIHDP@read?5only?5file?5system?$AA@ 000000018001c530     libcpmt:syserror.obj
 0002:00001548       ??_C@_0BO@BJBOMOEJ@resource?5deadlock?5would?5occur?$AA@ 000000018001c548     libcpmt:syserror.obj
 0002:00001568       ??_C@_0BE@GOIPJJHG@result?5out?5of?5range?$AA@ 000000018001c568     libcpmt:syserror.obj
 0002:00001580       ??_C@_0BG@MPLKFPAE@state?5not?5recoverable?$AA@ 000000018001c580     libcpmt:syserror.obj
 0002:00001598       ??_C@_0P@DIIFGFCG@stream?5timeout?$AA@ 000000018001c598     libcpmt:syserror.obj
 0002:000015a8       ??_C@_0P@IPFDMIFL@text?5file?5busy?$AA@ 000000018001c5a8     libcpmt:syserror.obj
 0002:000015b8       ??_C@_09KJPPMAOI@timed?5out?$AA@ 000000018001c5b8     libcpmt:syserror.obj
 0002:000015c8       ??_C@_0BO@HACHBEKI@too?5many?5files?5open?5in?5system?$AA@ 000000018001c5c8     libcpmt:syserror.obj
 0002:000015e8       ??_C@_0P@HCOMKFCC@too?5many?5links?$AA@ 000000018001c5e8     libcpmt:syserror.obj
 0002:000015f8       ??_C@_0BO@EFGOJEF@too?5many?5symbolic?5link?5levels?$AA@ 000000018001c5f8     libcpmt:syserror.obj
 0002:00001618       ??_C@_0BA@KGKGOOJA@value?5too?5large?$AA@ 000000018001c618     libcpmt:syserror.obj
 0002:00001628       ??_C@_0BE@MIEJDDNH@wrong?5protocol?5type?$AA@ 000000018001c628     libcpmt:syserror.obj
 0002:00001698       ??_7_Facet_base@std@@6B@   000000018001c698     libcpmt:locale0.obj
 0002:000016b8       ??_7_Locimp@locale@std@@6B@ 000000018001c6b8     libcpmt:locale0.obj
 0002:000016d0       ??_C@_01NBENCBCI@?$CK?$AA@ 000000018001c6d0     libcpmt:locale0.obj
 0002:000016d4       ??_C@_01GFHCPBMG@C?$AA@    000000018001c6d4     libcpmt:locale0.obj
 0002:000016d8       ?_BADOFF@std@@3_JB         000000018001c6d8     libcpmt:ios.obj
 0002:000016e8       ??_7bad_alloc@std@@6B@     000000018001c6e8     libcpmt:xthrow.obj
 0002:000016f8       ??_C@_0P@GHFPNOJB@bad?5allocation?$AA@ 000000018001c6f8     libcpmt:xthrow.obj
 0002:00001710       ??_7logic_error@std@@6B@   000000018001c710     libcpmt:xthrow.obj
 0002:00001728       ??_7length_error@std@@6B@  000000018001c728     libcpmt:xthrow.obj
 0002:00001740       ??_7out_of_range@std@@6B@  000000018001c740     libcpmt:xthrow.obj
 0002:00001758       ??_7runtime_error@std@@6B@ 000000018001c758     libcpmt:xthrow.obj
 0002:00001770       ??_7?$ctype@D@std@@6B@     000000018001c770     libcpmt:locale.obj
 0002:000017d0       ??_7?$num_put@DV?$ostreambuf_iterator@DU?$char_traits@D@std@@@std@@@std@@6B@ 000000018001c7d0     libcpmt:locale.obj
 0002:00001830       ??_7?$numpunct@D@std@@6B@  000000018001c830     libcpmt:locale.obj
 0002:00001870       ??_C@_11LOCGONAA@?$AA?$AA@ 000000018001c870     libcpmt:wlocale.obj
 0002:00001874       ??_C@_01JOAMLHOP@?9?$AA@   000000018001c874     libcpmt:wlocale.obj
 0002:00001958       __real@0000000000000000    000000018001c958     libcpmt:xprec.obj
 0002:00001a00       ??_C@_06MEIMCGCF@_hypot?$AA@ 000000018001ca00     LIBCMT:hypot.obj
 0002:00001a08       _pDefaultRawDllMain        000000018001ca08     LIBCMT:dllcrt0.obj
 0002:00001a08       _pRawDllMain               000000018001ca08     LIBCMT:dllcrt0.obj
 0002:00001af0       ??_7type_info@@6B@         000000018001caf0     LIBCMT:typinfo.obj
 0002:00001af8       _FPinit                    000000018001caf8     LIBCMT:fpinit.obj
 0002:00001b08       ??_7exception@std@@6B@     000000018001cb08     LIBCMT:stdexcpt.obj
 0002:00001b18       ??_C@_0BC@EOODALEL@Unknown?5exception?$AA@ 000000018001cb18     LIBCMT:stdexcpt.obj
 0002:00001b30       __newctype                 000000018001cb30     LIBCMT:ctype.obj
 0002:00001e30       _wctype                    000000018001ce30     LIBCMT:ctype.obj
 0002:00002040       __newclmap                 000000018001d040     LIBCMT:ctype.obj
 0002:000021c0       __newcumap                 000000018001d1c0     LIBCMT:ctype.obj
 0002:00002340       ??_C@_1BK@MGMFAEKH@?$AAk?$AAe?$AAr?$AAn?$AAe?$AAl?$AA3?$AA2?$AA?4?$AAd?$AAl?$AAl?$AA?$AA@ 000000018001d340     LIBCMT:winapisupp.obj
 0002:00002360       ??_C@_08KNHFBNJ@FlsAlloc?$AA@ 000000018001d360     LIBCMT:winapisupp.obj
 0002:00002370       ??_C@_07PEJMOBNF@FlsFree?$AA@ 000000018001d370     LIBCMT:winapisupp.obj
 0002:00002378       ??_C@_0M@GDNOONDI@FlsGetValue?$AA@ 000000018001d378     LIBCMT:winapisupp.obj
 0002:00002388       ??_C@_0M@JCPCPOEF@FlsSetValue?$AA@ 000000018001d388     LIBCMT:winapisupp.obj
 0002:00002398       ??_C@_0BM@HCFOFFN@InitializeCriticalSectionEx?$AA@ 000000018001d398     LIBCMT:winapisupp.obj
 0002:000023b8       ??_C@_0P@DLHPPCNH@CreateEventExW?$AA@ 000000018001d3b8     LIBCMT:winapisupp.obj
 0002:000023c8       ??_C@_0BD@KIEEOEEH@CreateSemaphoreExW?$AA@ 000000018001d3c8     LIBCMT:winapisupp.obj
 0002:000023e0       ??_C@_0BI@BKLFFAPO@SetThreadStackGuarantee?$AA@ 000000018001d3e0     LIBCMT:winapisupp.obj
 0002:000023f8       ??_C@_0BG@OGFAJCKC@CreateThreadpoolTimer?$AA@ 000000018001d3f8     LIBCMT:winapisupp.obj
 0002:00002410       ??_C@_0BD@LPLEMMDI@SetThreadpoolTimer?$AA@ 000000018001d410     LIBCMT:winapisupp.obj
 0002:00002428       ??_C@_0CA@FMNJENH@WaitForThreadpoolTimerCallbacks?$AA@ 000000018001d428     LIBCMT:winapisupp.obj
 0002:00002448       ??_C@_0BF@DCFCCNOC@CloseThreadpoolTimer?$AA@ 000000018001d448     LIBCMT:winapisupp.obj
 0002:00002460       ??_C@_0BF@FLABGKKM@CreateThreadpoolWait?$AA@ 000000018001d460     LIBCMT:winapisupp.obj
 0002:00002478       ??_C@_0BC@MGCOHNA@SetThreadpoolWait?$AA@ 000000018001d478     LIBCMT:winapisupp.obj
 0002:00002490       ??_C@_0BE@OCIOMIMP@CloseThreadpoolWait?$AA@ 000000018001d490     LIBCMT:winapisupp.obj
 0002:000024a8       ??_C@_0BJ@LKGHFHBO@FlushProcessWriteBuffers?$AA@ 000000018001d4a8     LIBCMT:winapisupp.obj
 0002:000024c8       ??_C@_0BP@KALKKPMO@FreeLibraryWhenCallbackReturns?$AA@ 000000018001d4c8     LIBCMT:winapisupp.obj
 0002:000024e8       ??_C@_0BK@DFNBACLA@GetCurrentProcessorNumber?$AA@ 000000018001d4e8     LIBCMT:winapisupp.obj
 0002:00002508       ??_C@_0BP@KHGALBC@GetLogicalProcessorInformation?$AA@ 000000018001d508     LIBCMT:winapisupp.obj
 0002:00002528       ??_C@_0BE@FKKLLFLM@CreateSymbolicLinkW?$AA@ 000000018001d528     LIBCMT:winapisupp.obj
 0002:00002540       ??_C@_0BJ@OHNKDLIJ@SetDefaultDllDirectories?$AA@ 000000018001d540     LIBCMT:winapisupp.obj
 0002:00002560       ??_C@_0BE@LJANKFHF@EnumSystemLocalesEx?$AA@ 000000018001d560     LIBCMT:winapisupp.obj
 0002:00002578       ??_C@_0BA@IHGNDAEB@CompareStringEx?$AA@ 000000018001d578     LIBCMT:winapisupp.obj
 0002:00002588       ??_C@_0BA@EPCJIIPD@GetDateFormatEx?$AA@ 000000018001d588     LIBCMT:winapisupp.obj
 0002:00002598       ??_C@_0BA@ONOKGCMP@GetLocaleInfoEx?$AA@ 000000018001d598     LIBCMT:winapisupp.obj
 0002:000025a8       ??_C@_0BA@CIJJKCJJ@GetTimeFormatEx?$AA@ 000000018001d5a8     LIBCMT:winapisupp.obj
 0002:000025b8       ??_C@_0BJ@PBCCBIPI@GetUserDefaultLocaleName?$AA@ 000000018001d5b8     LIBCMT:winapisupp.obj
 0002:000025d8       ??_C@_0BC@CELBKLLA@IsValidLocaleName?$AA@ 000000018001d5d8     LIBCMT:winapisupp.obj
 0002:000025f0       ??_C@_0O@KKBNKAPF@LCMapStringEx?$AA@ 000000018001d5f0     LIBCMT:winapisupp.obj
 0002:00002600       ??_C@_0BE@JOGNEJCI@GetCurrentPackageId?$AA@ 000000018001d600     LIBCMT:winapisupp.obj
 0002:00002618       ??_C@_0P@CDHHOHKP@GetTickCount64?$AA@ 000000018001d618     LIBCMT:winapisupp.obj
 0002:00002628       ??_C@_0BO@KPCLFDJJ@GetFileInformationByHandleExW?$AA@ 000000018001d628     LIBCMT:winapisupp.obj
 0002:00002648       ??_C@_0BM@MHIDLABK@SetFileInformationByHandleW?$AA@ 000000018001d648     LIBCMT:winapisupp.obj
 0002:00002670       LcidToLocaleNameTable      000000018001d670     LIBCMT:winapinls.obj
 0002:000034b0       LocaleNameToIndexTable     000000018001e4b0     LIBCMT:winapinls.obj
 0002:000042f0       ??_C@_15EMKDOKLE@?$AAa?$AAr?$AA?$AA@ 000000018001f2f0     LIBCMT:winapinls.obj
 0002:000042f8       ??_C@_15KNPADPLH@?$AAb?$AAg?$AA?$AA@ 000000018001f2f8     LIBCMT:winapinls.obj
 0002:00004300       ??_C@_15EDMHLDMO@?$AAc?$AAa?$AA?$AA@ 000000018001f300     LIBCMT:winapinls.obj
 0002:00004308       ??_C@_1O@BPEAJADD@?$AAz?$AAh?$AA?9?$AAC?$AAH?$AAS?$AA?$AA@ 000000018001f308     LIBCMT:winapinls.obj
 0002:00004318       ??_C@_15LJNHCMNK@?$AAc?$AAs?$AA?$AA@ 000000018001f318     LIBCMT:winapinls.obj
 0002:00004320       ??_C@_15FOMCIDHG@?$AAd?$AAa?$AA?$AA@ 000000018001f320     LIBCMT:winapinls.obj
 0002:00004328       ??_C@_15NBKABECB@?$AAd?$AAe?$AA?$AA@ 000000018001f328     LIBCMT:winapinls.obj
 0002:00004330       ??_C@_15GHPEIIAO@?$AAe?$AAl?$AA?$AA@ 000000018001f330     LIBCMT:winapinls.obj
[...]
 0004:00000c54       $pdata$_initptd            000000018002cc54     LIBCMT:tidtable.obj
 0004:00000c60       $pdata$_mtinit             000000018002cc60     LIBCMT:tidtable.obj
 0004:00000c6c       $pdata$_mtterm             000000018002cc6c     LIBCMT:tidtable.obj
 0004:00000c78       $pdata$_msize              000000018002cc78     LIBCMT:msize.obj
 0004:00000c84       $pdata$__C_specific_handler 000000018002cc84     LIBCMT:chandler.obj
 0004:00000c90       $pdata$__getlocaleinfo     000000018002cc90     LIBCMT:inithelp.obj
 0004:00000c9c       $pdata$_callnewh           000000018002cc9c     LIBCMT:handler.obj
 0004:00000ca8       $pdata$__initmbctable      000000018002cca8     LIBCMT:mbctype.obj
 0004:00000cb4       $pdata$?getSystemCP@@YAHH@Z 000000018002ccb4     LIBCMT:mbctype.obj
 0004:00000cc0       $pdata$?setSBCS@@YAXPEAUthreadmbcinfostruct@@@Z 000000018002ccc0     LIBCMT:mbctype.obj
 0004:00000ccc       $pdata$?setSBUpLow@@YAXPEAUthreadmbcinfostruct@@@Z 000000018002cccc     LIBCMT:mbctype.obj
 0004:00000cd8       $pdata$__updatetmbcinfo    000000018002ccd8     LIBCMT:mbctype.obj
 0004:00000ce4       $pdata$_setmbcp            000000018002cce4     LIBCMT:mbctype.obj
 0004:00000cf0       $pdata$_setmbcp_nolock     000000018002ccf0     LIBCMT:mbctype.obj
 0004:00000cfc       $pdata$_locterm            000000018002ccfc     LIBCMT:wsetloca.obj
 0004:00000d08       $pdata$__copy_locale_name  000000018002cd08     LIBCMT:wsetloca.obj
 0004:00000d14       $pdata$__lc_lctowcs        000000018002cd14     LIBCMT:wsetloca.obj
 0004:00000d20       $pdata$__lc_wcstolc        000000018002cd20     LIBCMT:wsetloca.obj
 0004:00000d2c       $pdata$_copytlocinfo_nolock 000000018002cd2c     LIBCMT:wsetloca.obj
 0004:00000d38       $pdata$_expandlocale       000000018002cd38     LIBCMT:wsetloca.obj
 0004:00000d44       $pdata$_wcscats            000000018002cd44     LIBCMT:wsetloca.obj
 0004:00000d50       $pdata$_wsetlocale         000000018002cd50     LIBCMT:wsetloca.obj
 0004:00000d5c       $pdata$_wsetlocale_get_all 000000018002cd5c     LIBCMT:wsetloca.obj
 0004:00000d68       $pdata$_wsetlocale_nolock  000000018002cd68     LIBCMT:wsetloca.obj
 0004:00000d74       $pdata$_wsetlocale_set_cat 000000018002cd74     LIBCMT:wsetloca.obj
 0004:00000d80       $pdata$_XcptFilter         000000018002cd80     LIBCMT:winxfltr.obj
 0004:00000d8c       $pdata$_ioinit             000000018002cd8c     LIBCMT:ioinit.obj
 0004:00000d98       $pdata$_ioterm             000000018002cd98     LIBCMT:ioinit.obj
 0004:00000da4       $pdata$_setargv            000000018002cda4     LIBCMT:stdargv.obj
 0004:00000db0       $pdata$parse_cmdline       000000018002cdb0     LIBCMT:stdargv.obj
 0004:00000dbc       $pdata$_setenvp            000000018002cdbc     LIBCMT:stdenvp.obj
 0004:00000dc8       $pdata$__security_init_cookie 000000018002cdc8     LIBCMT:gs_support.obj
 0004:00000dd4       $pdata$__crtGetEnvironmentStringsA 000000018002cdd4     LIBCMT:a_env.obj
 0004:00000de0       $pdata$_RTC_Initialize     000000018002cde0     LIBCMT:initsect.obj
 0004:00000dec       $pdata$_RTC_Terminate      000000018002cdec     LIBCMT:initsect.obj
 0004:00000df8       $pdata$?__crtGetStringTypeA_stat@@YAHPEAUlocaleinfo_struct@@KPEBDHPEAGHH@Z 000000018002cdf8     LIBCMT:a_str.obj
 0004:00000e04       $pdata$__crtGetStringTypeA 000000018002ce04     LIBCMT:a_str.obj
 0004:00000e10       $pdata$__DestructExceptionObject 000000018002ce10     LIBCMT:frame.obj
 0004:00000e1c       $pdata$??0bad_exception@std@@QEAA@AEBV01@@Z 000000018002ce1c     LIBCMT:frame.obj
 0004:00000e28       $pdata$??_Gbad_exception@std@@UEAAPEAXI@Z 000000018002ce28     LIBCMT:frame.obj
 0004:00000e34       $pdata$?CatchIt@@YAXPEAUEHExceptionRecord@@PEA_KPEAU_CONTEXT@@PEAU_xDISPATCHER_CONTEXT@@PEBU_s_FuncInfo@@PEBU_s_HandlerType@@PEBU_s_CatchableType@@PEBU_s_TryBlockMapEntry@@H1EE@Z 000000018002ce34     LIBCMT:frame.obj
 0004:00000e40       $pdata$?FindHandler@@YAXPEAUEHExceptionRecord@@PEA_KPEAU_CONTEXT@@PEAU_xDISPATCHER_CONTEXT@@PEBU_s_FuncInfo@@EH1@Z 000000018002ce40     LIBCMT:frame.obj
 0004:00000e4c       $pdata$?FindHandlerForForeignException@@YAXPEAUEHExceptionRecord@@PEA_KPEAU_CONTEXT@@PEAU_xDISPATCHER_CONTEXT@@PEBU_s_FuncInfo@@HH1@Z 000000018002ce4c     LIBCMT:frame.obj
 0004:00000e58       $pdata$?IsInExceptionSpec@@YAEPEAUEHExceptionRecord@@PEBU_s_ESTypeList@@@Z 000000018002ce58     LIBCMT:frame.obj
 0004:00000e64       $pdata$__BuildCatchObject  000000018002ce64     LIBCMT:frame.obj
 0004:00000e70       $pdata$__BuildCatchObjectHelper 000000018002ce70     LIBCMT:frame.obj
 0004:00000e7c       $pdata$__CxxCallCatchBlock 000000018002ce7c     LIBCMT:frame.obj
 0004:00000e88       $pdata$__FrameUnwindFilter 000000018002ce88     LIBCMT:frame.obj
 0004:00000e94       $pdata$__FrameUnwindToState 000000018002ce94     LIBCMT:frame.obj
 0004:00000ea0       $pdata$__InternalCxxFrameHandler 000000018002cea0     LIBCMT:frame.obj
 0004:00000eac       $pdata$__TypeMatch         000000018002ceac     LIBCMT:frame.obj
 0004:00000eb8       $pdata$?__GetCurrentState@@YAHPEA_KPEAU_xDISPATCHER_CONTEXT@@PEBU_s_FuncInfo@@@Z 000000018002ceb8     LIBCMT:ehstate.obj
 0004:00000ec4       $pdata$?__GetUnwindTryBlock@@YAHPEA_KPEAU_xDISPATCHER_CONTEXT@@PEBU_s_FuncInfo@@@Z 000000018002cec4     LIBCMT:ehstate.obj
 0004:00000ed0       $pdata$?__SetUnwindTryBlock@@YAXPEA_KPEAU_xDISPATCHER_CONTEXT@@PEBU_s_FuncInfo@@H@Z 000000018002ced0     LIBCMT:ehstate.obj
 0004:00000edc       $pdata$?__StateFromIp@@YAHPEBU_s_FuncInfo@@PEAU_xDISPATCHER_CONTEXT@@_J@Z 000000018002cedc     LIBCMT:ehstate.obj
 0004:00000ee8       $pdata$?_inconsistency@@YAXXZ 000000018002cee8     LIBCMT:hooks.obj
 0004:00000ef4       $pdata$?terminate@@YAXXZ   000000018002cef4     LIBCMT:hooks.obj
 0004:00000f00       $pdata$_initp_eh_hooks     000000018002cf00     LIBCMT:hooks.obj
 0004:00000f0c       $pdata$?_Type_info_dtor@type_info@@CAXPEAV1@@Z 000000018002cf0c     LIBCMT:typname.obj
 0004:00000f18       $pdata$_cfltcvt            000000018002cf18     LIBCMT:cvt.obj
 0004:00000f24       $pdata$_cfltcvt_l          000000018002cf24     LIBCMT:cvt.obj
 0004:00000f30       $pdata$_cftoa_l            000000018002cf30     LIBCMT:cvt.obj
 0004:00000f3c       $pdata$_cftoe2_l           000000018002cf3c     LIBCMT:cvt.obj
 0004:00000f48       $pdata$_cftoe_l            000000018002cf48     LIBCMT:cvt.obj
 0004:00000f54       $pdata$_cftof2_l           000000018002cf54     LIBCMT:cvt.obj
 0004:00000f60       $pdata$_cftof_l            000000018002cf60     LIBCMT:cvt.obj
 0004:00000f6c       $pdata$_cftog_l            000000018002cf6c     LIBCMT:cvt.obj
 0004:00000f78       $pdata$_cropzeros_l        000000018002cf78     LIBCMT:cvt.obj
 0004:00000f84       $pdata$_fassign_l          000000018002cf84     LIBCMT:cvt.obj
 0004:00000f90       $pdata$_forcdecpt_l        000000018002cf90     LIBCMT:cvt.obj
 0004:00000f9c       $pdata$_initp_misc_cfltcvt_tab 000000018002cf9c     LIBCMT:cmiscdat.obj
 0004:00000fa8       $pdata$_FF_MSGBANNER       000000018002cfa8     LIBCMT:crt0msg.obj
 0004:00000fb4       $pdata$_NMSG_WRITE         000000018002cfb4     LIBCMT:crt0msg.obj
 0004:00000fc0       $pdata$_mbstowcs_l_helper  000000018002cfc0     LIBCMT:mbstowcs.obj
 0004:00000fcc       $pdata$_mbstowcs_s_l       000000018002cfcc     LIBCMT:mbstowcs.obj
 0004:00000fd8       $pdata$mbstowcs_s          000000018002cfd8     LIBCMT:mbstowcs.obj
 0004:00000fe4       $pdata$_wcstombs_l_helper  000000018002cfe4     LIBCMT:wcstombs.obj
 0004:00000ff0       $pdata$_wcstombs_s_l       000000018002cff0     LIBCMT:wcstombs.obj
 0004:00000ffc       $pdata$strcpy_s            000000018002cffc     LIBCMT:strcpy_s.obj
 0004:00001008       $pdata$_isctype_l          000000018002d008     LIBCMT:isctype.obj
 0004:00001014       $pdata$calloc              000000018002d014     LIBCMT:calloc.obj
 0004:00001020       $pdata$wcscpy_s            000000018002d020     LIBCMT:wcscpy_s.obj
 0004:00001038       $pdata$realloc             000000018002d038     LIBCMT:realloc.obj
 0004:00001044       $pdata$_calloc_impl        000000018002d044     LIBCMT:calloc_impl.obj
 0004:00001050       $pdata$_wcsicmp            000000018002d050     LIBCMT:wcsicmp.obj
 0004:0000105c       $pdata$_wcsicmp_l          000000018002d05c     LIBCMT:wcsicmp.obj
 0004:00001068       $pdata$_isleadbyte_l       000000018002d068     LIBCMT:_wctype.obj
 0004:00001074       $pdata$isleadbyte          000000018002d074     LIBCMT:_wctype.obj
 0004:00001080       $pdata$_IsNonwritableInCurrentImage 000000018002d080     LIBCMT:pesect.obj
 0004:0000108c       $pdata$__initstdio         000000018002d08c     LIBCMT:_file.obj
 0004:00001098       $pdata$__endstdio          000000018002d098     LIBCMT:_file.obj
 0004:000010a4       $pdata$_lock_file          000000018002d0a4     LIBCMT:_file.obj
 0004:000010b0       $pdata$_lock_file2         000000018002d0b0     LIBCMT:_file.obj
 0004:000010bc       $pdata$_fileno             000000018002d0bc     LIBCMT:fileno.obj
 0004:000010c8       $pdata$_isatty             000000018002d0c8     LIBCMT:isatty.obj
 0004:000010d4       $pdata$_write              000000018002d0d4     LIBCMT:write.obj
 0004:000010e0       $pdata$_write_nolock       000000018002d0e0     LIBCMT:write.obj
 0004:000010ec       $pdata$_lseeki64           000000018002d0ec     LIBCMT:lseeki64.obj
 0004:000010f8       $pdata$_lseeki64_nolock    000000018002d0f8     LIBCMT:lseeki64.obj
 0004:00001104       $pdata$_getbuf             000000018002d104     LIBCMT:_getbuf.obj
 0004:00001110       $pdata$_output_s_l         000000018002d110     LIBCMT:outputs.obj
 0004:0000111c       $pdata$write_char          000000018002d11c     LIBCMT:outputs.obj
 0004:00001128       $pdata$write_multi_char    000000018002d128     LIBCMT:outputs.obj
 0004:00001134       $pdata$write_string        000000018002d134     LIBCMT:outputs.obj
 0004:00001140       $pdata$_wctomb_s_l         000000018002d140     LIBCMT:wctomb.obj
 0004:0000114c       $pdata$wctomb_s            000000018002d14c     LIBCMT:wctomb.obj
 0004:00001158       $pdata$__free_lconv_mon    000000018002d158     LIBCMT:initmon.obj
 0004:00001164       $pdata$__init_monetary     000000018002d164     LIBCMT:initmon.obj
 0004:00001170       $pdata$__free_lconv_num    000000018002d170     LIBCMT:initnum.obj
 0004:0000117c       $pdata$__init_numeric      000000018002d17c     LIBCMT:initnum.obj
 0004:00001188       $pdata$__free_lc_time      000000018002d188     LIBCMT:inittime.obj
 0004:00001194       $pdata$__init_time         000000018002d194     LIBCMT:inittime.obj
 0004:000011a0       $pdata$_get_lc_time        000000018002d1a0     LIBCMT:inittime.obj
 0004:000011dc       $pdata$strncpy_s           000000018002d1dc     LIBCMT:strncpy_s.obj
 0004:000011e8       $pdata$?__crtGetLocaleInfoA_stat@@YAHPEAUlocaleinfo_struct@@PEB_WKPEADH@Z 000000018002d1e8     LIBCMT:a_loc.obj
 0004:000011f4       $pdata$__crtGetLocaleInfoA 000000018002d1f4     LIBCMT:a_loc.obj
 0004:0000120c       $pdata$wcscat_s            000000018002d20c     LIBCMT:wcscat_s.obj
 0004:00001218       $pdata$wcsncpy_s           000000018002d218     LIBCMT:wcsncpy_s.obj
 0004:00001224       $pdata$GetLocaleNameFromLangCountry 000000018002d224     LIBCMT:getqloc.obj
 0004:00001230       $pdata$GetLocaleNameFromLanguage 000000018002d230     LIBCMT:getqloc.obj
 0004:0000123c       $pdata$LangCountryEnumProcEx 000000018002d23c     LIBCMT:getqloc.obj
 0004:00001248       $pdata$LanguageEnumProcEx  000000018002d248     LIBCMT:getqloc.obj
 0004:00001254       $pdata$ProcessCodePage     000000018002d254     LIBCMT:getqloc.obj
 0004:00001260       $pdata$TestDefaultCountry  000000018002d260     LIBCMT:getqloc.obj
 0004:0000126c       $pdata$__get_qualified_locale 000000018002d26c     LIBCMT:getqloc.obj
 0004:00001278       $pdata$CountryEnumProc     000000018002d278     LIBCMT:getqloc_downlevel.obj
 0004:00001284       $pdata$GetLcidFromLangCountry 000000018002d284     LIBCMT:getqloc_downlevel.obj
 0004:00001290       $pdata$GetLcidFromLanguage 000000018002d290     LIBCMT:getqloc_downlevel.obj
 0004:0000129c       $pdata$LangCountryEnumProc 000000018002d29c     LIBCMT:getqloc_downlevel.obj
 0004:000012a8       $pdata$LanguageEnumProc    000000018002d2a8     LIBCMT:getqloc_downlevel.obj
 0004:000012b4       $pdata$ProcessCodePage     000000018002d2b4     LIBCMT:getqloc_downlevel.obj
 0004:000012c0       $pdata$TestDefaultLanguage 000000018002d2c0     LIBCMT:getqloc_downlevel.obj
 0004:000012cc       $pdata$TranslateName       000000018002d2cc     LIBCMT:getqloc_downlevel.obj
 0004:000012cc       $pdata$TranslateName       000000018002d2cc     LIBCMT:getqloc_downlevel.obj
 0004:000012d8       $pdata$__get_qualified_locale_downlevel 000000018002d2d8     LIBCMT:getqloc_downlevel.obj
 0004:000012f0       $pdata$strrchr             000000018002d2f0     LIBCMT:strrchr.obj
 0004:000012fc       $pdata$_fptostr            000000018002d2fc     LIBCMT:_fptostr.obj
 0004:00001308       $pdata$__crt_atoflt_l      000000018002d308     LIBCMT:atodbl.obj
 0004:00001314       $pdata$_atodbl_l           000000018002d314     LIBCMT:atodbl.obj
 0004:00001320       $pdata$__dtold             000000018002d320     LIBCMT:cfout.obj
 0004:0000132c       $pdata$_fltout2            000000018002d32c     LIBCMT:cfout.obj
 0004:00001338       $pdata$_set_error_mode     000000018002d338     LIBCMT:errmode.obj
 0004:00001344       $pdata$__crtMessageBoxW    000000018002d344     LIBCMT:crtmboxw.obj
 0004:00001350       $pdata$_towlower_l         000000018002d350     LIBCMT:towlower.obj
 0004:0000135c       $pdata$iswctype            000000018002d35c     LIBCMT:iswctype.obj
 0004:00001368       $pdata$_fflush_nolock      000000018002d368     LIBCMT:fflush.obj
 0004:00001374       $pdata$_flush              000000018002d374     LIBCMT:fflush.obj
 0004:00001380       $pdata$flsall              000000018002d380     LIBCMT:fflush.obj
 0004:0000138c       $pdata$_fcloseall          000000018002d38c     LIBCMT:closeall.obj
 0004:00001398       $pdata$__lock_fhandle      000000018002d398     LIBCMT:osfinfo.obj
 0004:000013a4       $pdata$_free_osfhnd        000000018002d3a4     LIBCMT:osfinfo.obj
 0004:000013b0       $pdata$_get_osfhandle      000000018002d3b0     LIBCMT:osfinfo.obj
 0004:000013bc       $pdata$_mbtowc_l           000000018002d3bc     LIBCMT:mbtowc.obj
 0004:000013c8       $pdata$_putwch_nolock      000000018002d3c8     LIBCMT:putwch.obj
 0004:000013d4       $pdata$_itow_s             000000018002d3d4     LIBCMT:xtows.obj
 0004:000013e0       $pdata$xtow_s              000000018002d3e0     LIBCMT:xtows.obj
 0004:000013ec       $pdata$wcschr              000000018002d3ec     LIBCMT:wcschr.obj
 0004:000013f8       $pdata$_wcsnicmp           000000018002d3f8     LIBCMT:wcsnicmp.obj
 0004:00001404       $pdata$_wcsnicmp_l         000000018002d404     LIBCMT:wcsnicmp.obj
 0004:00001410       $pdata$_ld12tod            000000018002d410     LIBCMT:intrncvt.obj
 0004:0000141c       $pdata$_ld12tof            000000018002d41c     LIBCMT:intrncvt.obj
 0004:00001428       $pdata$__strgtold12_l      000000018002d428     LIBCMT:strgtold.obj
 0004:00001434       $pdata$$I10_OUTPUT         000000018002d434     LIBCMT:x10fout.obj
 0004:00001440       $pdata$_commit             000000018002d440     LIBCMT:commit.obj
 0004:0000144c       $pdata$_fclose_nolock      000000018002d44c     LIBCMT:fclose.obj
 0004:00001458       $pdata$fclose              000000018002d458     LIBCMT:fclose.obj
 0004:00001464       $pdata$__termconout        000000018002d464     LIBCMT:initcon.obj
 0004:00001470       $pdata$__initconout        000000018002d470     LIBCMT:initcon.obj
 0004:0000147c       $pdata$?wcstoxl@@YAKPEB_WPEAPEB_WHH@Z 000000018002d47c     LIBCMT:wcstol.obj
 0004:00001488       $pdata$__mtold12           000000018002d488     LIBCMT:mantold.obj
 0004:00001494       $pdata$_close              000000018002d494     LIBCMT:close.obj
 0004:000014a0       $pdata$_close_nolock       000000018002d4a0     LIBCMT:close.obj
 0004:000014ac       $pdata$_freebuf            000000018002d4ac     LIBCMT:_freebuf.obj
 0004:000014b8       $pdata$__delayLoadHelper2  000000018002d4b8     DelayImp:delayhlp.obj
 0004:000014c4       $pdata$_onexit$fin$0       000000018002d4c4     LIBCMT:onexit.obj
 0004:000014d0       $pdata$_CRT_INIT$fin$0     000000018002d4d0     LIBCMT:dllcrt0.obj
 0004:000014dc       $pdata$__DllMainCRTStartup$filt$0 000000018002d4dc     LIBCMT:dllcrt0.obj
 0004:000014e8       $pdata$_CallSETranslator$filt$0 000000018002d4e8     LIBCMT:trnsctrl.obj
 0004:000014f4       $pdata$setlocale$fin$0     000000018002d4f4     LIBCMT:setlocal.obj
 0004:00001500       $pdata$_mtinitlocknum$fin$0 000000018002d500     LIBCMT:mlock.obj
 0004:0000150c       $pdata$doexit$fin$0        000000018002d50c     LIBCMT:crt0dat.obj
 0004:00001518       $pdata$raise$fin$0         000000018002d518     LIBCMT:winsig.obj
 0004:00001524       $pdata$__updatetlocinfo$fin$0 000000018002d524     LIBCMT:localref.obj
 0004:00001524       $pdata$_locterm$fin$0      000000018002d524     LIBCMT:localref.obj
 0004:00001530       $pdata$_freefls$fin$1      000000018002d530     LIBCMT:tidtable.obj
 0004:00001530       $pdata$_initptd$fin$1      000000018002d530     LIBCMT:tidtable.obj
 0004:0000153c       $pdata$_freefls$fin$0      000000018002d53c     LIBCMT:tidtable.obj
 0004:0000153c       $pdata$_initptd$fin$0      000000018002d53c     LIBCMT:tidtable.obj
 0004:00001548       $pdata$_setmbcp$fin$0      000000018002d548     LIBCMT:mbctype.obj
 0004:00001548       $pdata$__updatetmbcinfo$fin$0 000000018002d548     LIBCMT:mbctype.obj
 0004:00001554       $pdata$_wsetlocale$fin$1   000000018002d554     LIBCMT:wsetloca.obj
 0004:00001560       $pdata$_wsetlocale$fin$0   000000018002d560     LIBCMT:wsetloca.obj
 0004:0000156c       $pdata$_wsetlocale$fin$2   000000018002d56c     LIBCMT:wsetloca.obj
 0004:00001578       $pdata$_ioinit$fin$0       000000018002d578     LIBCMT:ioinit.obj
 0004:00001584       $pdata$__CxxCallCatchBlock$filt$0 000000018002d584     LIBCMT:frame.obj
 0004:00001590       $pdata$__CxxCallCatchBlock$fin$1 000000018002d590     LIBCMT:frame.obj
 0004:0000159c       $pdata$__DestructExceptionObject$filt$0 000000018002d59c     LIBCMT:frame.obj
 0004:000015a8       $pdata$__FrameUnwindToState$filt$0 000000018002d5a8     LIBCMT:frame.obj
 0004:000015b4       $pdata$__FrameUnwindToState$fin$1 000000018002d5b4     LIBCMT:frame.obj
 0004:000015c0       $pdata$?fin$0@?0??_Type_info_dtor@type_info@@CAXPEAV1@@Z@4HA 000000018002d5c0     LIBCMT:typname.obj
 0004:000015cc       $pdata$_IsNonwritableInCurrentImage$filt$0 000000018002d5cc     LIBCMT:pesect.obj
 0004:000015d8       $pdata$_write$fin$0        000000018002d5d8     LIBCMT:lseeki64.obj
 0004:000015d8       $pdata$_lseeki64$fin$0     000000018002d5d8     LIBCMT:lseeki64.obj
 0004:000015e4       $pdata$flsall$fin$0        000000018002d5e4     LIBCMT:fflush.obj
 0004:000015f0       $pdata$flsall$fin$1        000000018002d5f0     LIBCMT:fflush.obj
 0004:000015fc       $pdata$_fcloseall$fin$0    000000018002d5fc     LIBCMT:closeall.obj
 0004:00001608       $pdata$__lock_fhandle$fin$0 000000018002d608     LIBCMT:osfinfo.obj
 0004:00001614       $pdata$_close$fin$0        000000018002d614     LIBCMT:commit.obj
 0004:00001614       $pdata$_commit$fin$0       000000018002d614     LIBCMT:commit.obj
 0004:00001620       $pdata$fclose$fin$0        000000018002d620     LIBCMT:fclose.obj
 0004:0000162c       $pdata$??__F_Fac_tidy_reg@std@@YAXXZ 000000018002d62c     libcpmt:locale0.obj
 0004:00001638       $pdata$??__Fclassic_locale@std@@YAXXZ 000000018002d638     libcpmt:locale0.obj
 0004:00001644       $pdata$??__Finit_atexit@@YAXXZ 000000018002d644     libcpmt:iosptrs.obj
 0005:00000060       $R000000                   000000018002e060     * linker generated manifest res *

 Exports

  ordinal    name

        1    _register_addon_
